******************************************************************************
             TMS320C2000 Linker PC v20.2.1                     
******************************************************************************
>> Linked Sun Jan 17 12:51:42 2021

OUTPUT FILE NAME:   <TI-TMS320F28027-I2C-SSD1306.out>
ENTRY POINT SYMBOL: "_c_int00"  address: 003f6b65


MEMORY CONFIGURATION

         name            origin    length      used     unused   attr    fill
----------------------  --------  ---------  --------  --------  ----  --------
PAGE 0:
  RAMM0                 00000050   000003b0  00000004  000003ac  RWIX
  OTP                   003d7800   00000400  00000000  00000400  RWIX
  FLASHB                003f6000   00001000  00000e9e  00000162  RWIX
  FLASHA                003f7000   00000f80  00000f80  00000000  RWIX
  CSM_RSVD              003f7f80   00000076  00000000  00000076  RWIX
  BEGIN                 003f7ff6   00000002  00000000  00000002  RWIX
  CSM_PWL_P0            003f7ff8   00000008  00000000  00000008  RWIX
  IQTABLES              003fe000   00000b50  00000000  00000b50  RWIX
  IQTABLES2             003feb50   0000008c  00000000  0000008c  RWIX
  IQTABLES3             003febdc   000000aa  00000000  000000aa  RWIX
  ROM                   003ff27c   00000d44  00000000  00000d44  RWIX
  RESET                 003fffc0   00000002  00000000  00000002  RWIX
  VECTORS               003fffc2   0000003e  00000000  0000003e  RWIX

PAGE 1:
  BOOT_RSVD             00000000   00000050  00000000  00000050  RWIX
  RAMM1                 00000400   00000400  00000327  000000d9  RWIX
  DEV_EMU               00000880   00000105  00000004  00000101  RWIX
  SYS_PWR_CTL           00000985   00000003  00000003  00000000  RWIX
  FLASH_REGS            00000a80   00000060  00000008  00000058  RWIX
  CSM                   00000ae0   00000010  00000010  00000000  RWIX
  ADC_RESULT            00000b00   00000020  00000020  00000000  RWIX
  CPU_TIMER0            00000c00   00000008  00000008  00000000  RWIX
  CPU_TIMER1            00000c08   00000008  00000008  00000000  RWIX
  CPU_TIMER2            00000c10   00000008  00000008  00000000  RWIX
  PIE_CTRL              00000ce0   00000020  0000001a  00000006  RWIX
  PIE_VECT              00000d00   00000100  00000100  00000000  RWIX
  COMP1                 00006400   00000020  00000011  0000000f  RWIX
  COMP2                 00006420   00000020  00000011  0000000f  RWIX
  EPWM1                 00006800   00000040  00000040  00000000  RWIX
  EPWM2                 00006840   00000040  00000040  00000000  RWIX
  EPWM3                 00006880   00000040  00000040  00000000  RWIX
  EPWM4                 000068c0   00000040  00000040  00000000  RWIX
  ECAP1                 00006a00   00000020  00000020  00000000  RWIX
  GPIOCTRL              00006f80   00000040  00000040  00000000  RWIX
  GPIODAT               00006fc0   00000020  00000020  00000000  RWIX
  GPIOINT               00006fe0   00000020  0000000a  00000016  RWIX
  SYSTEM                00007010   00000020  0000001f  00000001  RWIX
  SPIA                  00007040   00000010  00000010  00000000  RWIX
  SCIA                  00007050   00000010  00000010  00000000  RWIX
  NMIINTRUPT            00007060   00000010  00000010  00000000  RWIX
  XINTRUPT              00007070   00000010  00000010  00000000  RWIX
  ADC                   00007100   00000080  00000051  0000002f  RWIX
  I2CA                  00007900   00000040  00000022  0000001e  RWIX
  RAML0                 00008000   00000400  00000400  00000000  RWIX
  PARTID                003d7fff   00000001  00000001  00000000  RWIX
  CSM_PWL               003f7ff8   00000008  00000008  00000000  RWIX


SECTION ALLOCATION MAP

 output                                  attributes/
section   page    origin      length       input sections
--------  ----  ----------  ----------   ----------------
.econst.1 
*          0    003f6000    000006ae     
                  003f6000    000006ae     fonts.obj (.econst:_Font11x18)

.cinit     0    003f6e6f    0000002f     
                  003f6e6f    00000015     fonts.obj (.cinit)
                  003f6e84    0000000e     rts2800_ml.lib : exit.c.obj (.cinit)
                  003f6e92    00000005                    : _lock.c.obj (.cinit:__lock)
                  003f6e97    00000005                    : _lock.c.obj (.cinit:__unlock)
                  003f6e9c    00000002     --HOLE-- [fill = 0]

.econst.2 
*          0    003f7004    00000e65     
                  003f7004    000009a6     fonts.obj (.econst:_Font16x26)
                  003f79aa    000003b6     fonts.obj (.econst:_Font7x10)
                  003f7d60    00000100     driverlib.lib : pie.obj (.econst:_PIE_tableDebugInit)
                  003f7e60    00000009     main.obj (.econst:.string)

DevEmuRegsFile 
*          1    00000880    00000004     UNINITIALIZED
                  00000880    00000004     driverlib.lib : F2802xX_GlobalVariableDefs.obj (DevEmuRegsFile)

SysPwrCtrlRegsFile 
*          1    00000985    00000003     UNINITIALIZED
                  00000985    00000003     driverlib.lib : F2802xX_GlobalVariableDefs.obj (SysPwrCtrlRegsFile)

FlashRegsFile 
*          1    00000a80    00000008     UNINITIALIZED
                  00000a80    00000008     driverlib.lib : F2802xX_GlobalVariableDefs.obj (FlashRegsFile)

CsmRegsFile 
*          1    00000ae0    00000010     UNINITIALIZED
                  00000ae0    00000010     driverlib.lib : F2802xX_GlobalVariableDefs.obj (CsmRegsFile)

AdcResultFile 
*          1    00000b00    00000020     UNINITIALIZED
                  00000b00    00000020     driverlib.lib : F2802xX_GlobalVariableDefs.obj (AdcResultFile)

CpuTimer0RegsFile 
*          1    00000c00    00000008     UNINITIALIZED
                  00000c00    00000008     driverlib.lib : F2802xX_GlobalVariableDefs.obj (CpuTimer0RegsFile)

CpuTimer1RegsFile 
*          1    00000c08    00000008     UNINITIALIZED
                  00000c08    00000008     driverlib.lib : F2802xX_GlobalVariableDefs.obj (CpuTimer1RegsFile)

CpuTimer2RegsFile 
*          1    00000c10    00000008     UNINITIALIZED
                  00000c10    00000008     driverlib.lib : F2802xX_GlobalVariableDefs.obj (CpuTimer2RegsFile)

PieCtrlRegsFile 
*          1    00000ce0    0000001a     UNINITIALIZED
                  00000ce0    0000001a     driverlib.lib : F2802xX_GlobalVariableDefs.obj (PieCtrlRegsFile)

PieVectTableFile 
*          1    00000d00    00000100     UNINITIALIZED
                  00000d00    00000100     driverlib.lib : F2802xX_GlobalVariableDefs.obj (PieVectTableFile)

EmuKeyVar 
*          1    00000d00    00000001     UNINITIALIZED
                  00000d00    00000001     driverlib.lib : F2802xX_GlobalVariableDefs.obj (EmuKeyVar)

EmuBModeVar 
*          1    00000d01    00000001     UNINITIALIZED
                  00000d01    00000001     driverlib.lib : F2802xX_GlobalVariableDefs.obj (EmuBModeVar)

FlashCallbackVar 
*          1    00000d02    00000002     UNINITIALIZED
                  00000d02    00000002     driverlib.lib : F2802xX_GlobalVariableDefs.obj (FlashCallbackVar)

FlashScalingVar 
*          1    00000d04    00000002     UNINITIALIZED
                  00000d04    00000002     driverlib.lib : F2802xX_GlobalVariableDefs.obj (FlashScalingVar)

Comp1RegsFile 
*          1    00006400    00000011     UNINITIALIZED
                  00006400    00000011     driverlib.lib : F2802xX_GlobalVariableDefs.obj (Comp1RegsFile)

Comp2RegsFile 
*          1    00006420    00000011     UNINITIALIZED
                  00006420    00000011     driverlib.lib : F2802xX_GlobalVariableDefs.obj (Comp2RegsFile)

EPwm1RegsFile 
*          1    00006800    00000040     UNINITIALIZED
                  00006800    00000040     driverlib.lib : F2802xX_GlobalVariableDefs.obj (EPwm1RegsFile)

EPwm2RegsFile 
*          1    00006840    00000040     UNINITIALIZED
                  00006840    00000040     driverlib.lib : F2802xX_GlobalVariableDefs.obj (EPwm2RegsFile)

EPwm3RegsFile 
*          1    00006880    00000040     UNINITIALIZED
                  00006880    00000040     driverlib.lib : F2802xX_GlobalVariableDefs.obj (EPwm3RegsFile)

EPwm4RegsFile 
*          1    000068c0    00000040     UNINITIALIZED
                  000068c0    00000040     driverlib.lib : F2802xX_GlobalVariableDefs.obj (EPwm4RegsFile)

ECap1RegsFile 
*          1    00006a00    00000020     UNINITIALIZED
                  00006a00    00000020     driverlib.lib : F2802xX_GlobalVariableDefs.obj (ECap1RegsFile)

GpioCtrlRegsFile 
*          1    00006f80    00000040     UNINITIALIZED
                  00006f80    00000040     driverlib.lib : F2802xX_GlobalVariableDefs.obj (GpioCtrlRegsFile)

GpioDataRegsFile 
*          1    00006fc0    00000020     UNINITIALIZED
                  00006fc0    00000020     driverlib.lib : F2802xX_GlobalVariableDefs.obj (GpioDataRegsFile)

GpioIntRegsFile 
*          1    00006fe0    0000000a     UNINITIALIZED
                  00006fe0    0000000a     driverlib.lib : F2802xX_GlobalVariableDefs.obj (GpioIntRegsFile)

SysCtrlRegsFile 
*          1    00007010    0000001f     UNINITIALIZED
                  00007010    0000001f     driverlib.lib : F2802xX_GlobalVariableDefs.obj (SysCtrlRegsFile)

SpiaRegsFile 
*          1    00007040    00000010     UNINITIALIZED
                  00007040    00000010     driverlib.lib : F2802xX_GlobalVariableDefs.obj (SpiaRegsFile)

SciaRegsFile 
*          1    00007050    00000010     UNINITIALIZED
                  00007050    00000010     driverlib.lib : F2802xX_GlobalVariableDefs.obj (SciaRegsFile)

NmiIntruptRegsFile 
*          1    00007060    00000010     UNINITIALIZED
                  00007060    00000010     driverlib.lib : F2802xX_GlobalVariableDefs.obj (NmiIntruptRegsFile)

XIntruptRegsFile 
*          1    00007070    00000010     UNINITIALIZED
                  00007070    00000010     driverlib.lib : F2802xX_GlobalVariableDefs.obj (XIntruptRegsFile)

AdcRegsFile 
*          1    00007100    00000051     UNINITIALIZED
                  00007100    00000051     driverlib.lib : F2802xX_GlobalVariableDefs.obj (AdcRegsFile)

I2caRegsFile 
*          1    00007900    00000022     UNINITIALIZED
                  00007900    00000022     driverlib.lib : F2802xX_GlobalVariableDefs.obj (I2caRegsFile)

PartIdRegsFile 
*          1    003d7fff    00000001     UNINITIALIZED
                  003d7fff    00000001     driverlib.lib : F2802xX_GlobalVariableDefs.obj (PartIdRegsFile)

CsmPwlFile 
*          1    003f7ff8    00000008     UNINITIALIZED
                  003f7ff8    00000008     driverlib.lib : F2802xX_GlobalVariableDefs.obj (CsmPwlFile)

ramfuncs   0    003f7000    00000004     RUN ADDR = 00000050
                  003f7000    00000004     driverlib.lib : f2802xx_asmfuncs.obj (ramfuncs)

.pinit     0    003f7000    00000000     UNINITIALIZED

.stack     1    00000400    00000300     UNINITIALIZED
                  00000400    00000300     --HOLE--

.reset     0    003fffc0    00000002     DSECT
                  003fffc0    00000002     rts2800_ml.lib : boot28.asm.obj (.reset)

vectors    0    003fffc2    00000000     DSECT

.text.1    0    003f66ae    000007c1     
                  003f66ae    000004b7     ssd1306.obj (.text)
                  003f6b65    00000054     rts2800_ml.lib : boot28.asm.obj (.text)
                  003f6bb9    00000052     drv_led.obj (.text)
                  003f6c0b    00000050     main.obj (.text)
                  003f6c5b    00000024     rts2800_ml.lib : cpy_tbl.c.obj (.text)
                  003f6c7f    0000001d                    : memcpy.c.obj (.text)
                  003f6c9c    00000015     driverlib.lib : pll.obj (.text:_PLL_setup)
                  003f6cb1    00000011                   : pie.obj (.text:_PIE_disableAllInts)
                  003f6cc2    00000011                   : pie.obj (.text:_PIE_setDebugIntVectorTable)
                  003f6cd3    00000011     rts2800_ml.lib : args_main.c.obj (.text)
                  003f6ce4    0000000a     driverlib.lib : pie.obj (.text:_PIE_init)
                  003f6cee    0000000a                   : f2802xx_asmfuncs.obj (.text)
                  003f6cf8    00000009     rts2800_ml.lib : _lock.c.obj (.text)
                  003f6d01    00000008     driverlib.lib : clk.obj (.text:_CLK_init)
                  003f6d09    00000008                   : gpio.obj (.text:_GPIO_init)
                  003f6d11    00000008                   : pll.obj (.text:_PLL_init)
                  003f6d19    00000008                   : wdog.obj (.text:_WDOG_disable)
                  003f6d21    00000008                   : wdog.obj (.text:_WDOG_init)
                  003f6d29    00000007                   : clk.obj (.text:_CLK_enableAdcClock)
                  003f6d30    00000007                   : clk.obj (.text:_CLK_enableI2cClock)
                  003f6d37    00000007                   : clk.obj (.text:_CLK_setOscSrc)
                  003f6d3e    00000007                   : pll.obj (.text:_PLL_setDivider)
                  003f6d45    00000007     rts2800_ml.lib : memset.c.obj (.text)
                  003f6d4c    00000006     driverlib.lib : pll.obj (.text:_PLL_setMultiplier)
                  003f6d52    00000005                   : f2802xx_defaultisr.obj (.text:_ADCINT2_ISR)
                  003f6d57    00000005                   : f2802xx_defaultisr.obj (.text:_ADCINT3_ISR)
                  003f6d5c    00000005                   : f2802xx_defaultisr.obj (.text:_ADCINT4_ISR)
                  003f6d61    00000005                   : f2802xx_defaultisr.obj (.text:_ADCINT5_ISR)
                  003f6d66    00000005                   : f2802xx_defaultisr.obj (.text:_ADCINT6_ISR)
                  003f6d6b    00000005                   : f2802xx_defaultisr.obj (.text:_ADCINT7_ISR)
                  003f6d70    00000005                   : f2802xx_defaultisr.obj (.text:_ADCINT8_ISR)
                  003f6d75    00000005                   : f2802xx_defaultisr.obj (.text:_ADCINT9_ISR)
                  003f6d7a    00000005                   : f2802xx_defaultisr.obj (.text:_DATALOG_ISR)
                  003f6d7f    00000005                   : f2802xx_defaultisr.obj (.text:_ECAP1_INT_ISR)
                  003f6d84    00000005                   : f2802xx_defaultisr.obj (.text:_EMPTY_ISR)
                  003f6d89    00000005                   : f2802xx_defaultisr.obj (.text:_EMUINT_ISR)
                  003f6d8e    00000005                   : f2802xx_defaultisr.obj (.text:_EPWM1_INT_ISR)
                  003f6d93    00000005                   : f2802xx_defaultisr.obj (.text:_EPWM1_TZINT_ISR)
                  003f6d98    00000005                   : f2802xx_defaultisr.obj (.text:_EPWM2_INT_ISR)
                  003f6d9d    00000005                   : f2802xx_defaultisr.obj (.text:_EPWM2_TZINT_ISR)
                  003f6da2    00000005                   : f2802xx_defaultisr.obj (.text:_EPWM3_INT_ISR)
                  003f6da7    00000005                   : f2802xx_defaultisr.obj (.text:_EPWM3_TZINT_ISR)
                  003f6dac    00000005                   : f2802xx_defaultisr.obj (.text:_EPWM4_INT_ISR)
                  003f6db1    00000005                   : f2802xx_defaultisr.obj (.text:_EPWM4_TZINT_ISR)
                  003f6db6    00000005                   : f2802xx_defaultisr.obj (.text:_I2CINT1A_ISR)
                  003f6dbb    00000005                   : f2802xx_defaultisr.obj (.text:_I2CINT2A_ISR)
                  003f6dc0    00000005                   : f2802xx_defaultisr.obj (.text:_ILLEGAL_ISR)
                  003f6dc5    00000005                   : f2802xx_defaultisr.obj (.text:_INT13_ISR)
                  003f6dca    00000005                   : f2802xx_defaultisr.obj (.text:_INT14_ISR)
                  003f6dcf    00000005                   : f2802xx_defaultisr.obj (.text:_NMI_ISR)
                  003f6dd4    00000005                   : f2802xx_defaultisr.obj (.text:_PIE_RESERVED)
                  003f6dd9    00000005                   : pie.obj (.text:_PIE_illegalIsr)
                  003f6dde    00000005                   : f2802xx_defaultisr.obj (.text:_RTOSINT_ISR)
                  003f6de3    00000005                   : f2802xx_defaultisr.obj (.text:_SCIRXINTA_ISR)
                  003f6de8    00000005                   : f2802xx_defaultisr.obj (.text:_SCITXINTA_ISR)
                  003f6ded    00000005                   : f2802xx_defaultisr.obj (.text:_SPIRXINTA_ISR)
                  003f6df2    00000005                   : f2802xx_defaultisr.obj (.text:_SPITXINTA_ISR)
                  003f6df7    00000005                   : f2802xx_defaultisr.obj (.text:_TINT0_ISR)
                  003f6dfc    00000005                   : f2802xx_defaultisr.obj (.text:_USER10_ISR)
                  003f6e01    00000005                   : f2802xx_defaultisr.obj (.text:_USER11_ISR)
                  003f6e06    00000005                   : f2802xx_defaultisr.obj (.text:_USER12_ISR)
                  003f6e0b    00000005                   : f2802xx_defaultisr.obj (.text:_USER1_ISR)
                  003f6e10    00000005                   : f2802xx_defaultisr.obj (.text:_USER2_ISR)
                  003f6e15    00000005                   : f2802xx_defaultisr.obj (.text:_USER3_ISR)
                  003f6e1a    00000005                   : f2802xx_defaultisr.obj (.text:_USER4_ISR)
                  003f6e1f    00000005                   : f2802xx_defaultisr.obj (.text:_USER5_ISR)
                  003f6e24    00000005                   : f2802xx_defaultisr.obj (.text:_USER6_ISR)
                  003f6e29    00000005                   : f2802xx_defaultisr.obj (.text:_USER7_ISR)
                  003f6e2e    00000005                   : f2802xx_defaultisr.obj (.text:_USER8_ISR)
                  003f6e33    00000005                   : f2802xx_defaultisr.obj (.text:_USER9_ISR)
                  003f6e38    00000005                   : f2802xx_defaultisr.obj (.text:_WAKEINT_ISR)
                  003f6e3d    00000005                   : f2802xx_defaultisr.obj (.text:_XINT1_ISR)
                  003f6e42    00000005                   : f2802xx_defaultisr.obj (.text:_XINT2_ISR)
                  003f6e47    00000005                   : f2802xx_defaultisr.obj (.text:_XINT3_ISR)
                  003f6e4c    00000005                   : f2802xx_defaultisr.obj (.text:_rsvd_ISR)
                  003f6e51    00000005     drv_i2c.obj (.text:retain)
                  003f6e56    00000004     driverlib.lib : cpu.obj (.text:_CPU_init)
                  003f6e5a    00000003                   : cpu.obj (.text:_CPU_clearIntFlags)
                  003f6e5d    00000003                   : cpu.obj (.text:_CPU_disableGlobalInts)
                  003f6e60    00000003                   : pie.obj (.text:_PIE_disable)
                  003f6e63    00000003                   : pie.obj (.text:_PIE_enable)
                  003f6e66    00000003                   : pll.obj (.text:_PLL_getClkStatus)
                  003f6e69    00000003                   : pll.obj (.text:_PLL_getLockStatus)
                  003f6e6c    00000002     rts2800_ml.lib : pre_init.c.obj (.text)
                  003f6e6e    00000001                    : startup.c.obj (.text)

.text.2    0    003f7e69    00000117     
                  003f7e69    0000007d     drv_base.obj (.text)
                  003f7ee6    0000006c     drv_i2c.obj (.text)
                  003f7f52    00000029     rts2800_ml.lib : exit.c.obj (.text)
                  003f7f7b    00000005     driverlib.lib : f2802xx_defaultisr.obj (.text:_ADCINT1_ISR)

.ebss.1    1    00000700    00000027     UNINITIALIZED
                  00000700    0000000c     drv_base.obj (.ebss)
                  0000070c    0000000c     fonts.obj (.ebss)
                  00000718    00000006     rts2800_ml.lib : exit.c.obj (.ebss)
                  0000071e    00000004     ssd1306.obj (.ebss)
                  00000722    00000002     rts2800_ml.lib : _lock.c.obj (.ebss:__lock)
                  00000724    00000002                    : _lock.c.obj (.ebss:__unlock)
                  00000726    00000001     driverlib.lib : cpu.obj (.ebss)

.ebss.2    1    00008000    00000400     UNINITIALIZED
                  00008000    00000400     ssd1306.obj (.ebss:_SSD1306_Buffer)

MODULE SUMMARY

       Module                           code   initialized data   uninitialized data
       ------                           ----   ----------------   ------------------
    .\src\
       main.obj                         80     9                  0                 
    +--+--------------------------------+------+------------------+--------------------+
       Total:                           80     9                  0                 
                                                                                    
    .\src\bsp\
       fonts.obj                        0      5151               12                
       ssd1306.obj                      1207   0                  1028              
    +--+--------------------------------+------+------------------+--------------------+
       Total:                           1207   5151               1040              
                                                                                    
    .\src\drv\
       drv_base.obj                     125    0                  12                
       drv_i2c.obj                      113    0                  0                 
       drv_led.obj                      82     0                  0                 
    +--+--------------------------------+------+------------------+--------------------+
       Total:                           320    0                  12                
                                                                                    
    C:/ti/c2000/C2000Ware_3_03_00_00/device_support/f2802x/common/ccs/Debug/driverlib.lib
       F2802xX_GlobalVariableDefs.obj   0      0                  1022              
       pie.obj                          55     256                0                 
       f2802xx_defaultisr.obj           255    0                  0                 
       pll.obj                          48     0                  0                 
       clk.obj                          29     0                  0                 
       f2802xx_asmfuncs.obj             18     0                  0                 
       wdog.obj                         16     0                  0                 
       cpu.obj                          10     0                  1                 
       gpio.obj                         8      0                  0                 
    +--+--------------------------------+------+------------------+--------------------+
       Total:                           439    256                1023              
                                                                                    
    C:\ti\ccs1011\ccs\tools\compiler\ti-cgt-c2000_20.2.1.LTS\lib\rts2800_ml.lib
       boot28.asm.obj                   84     0                  0                 
       exit.c.obj                       41     14                 6                 
       cpy_tbl.c.obj                    36     0                  0                 
       memcpy.c.obj                     29     0                  0                 
       _lock.c.obj                      9      10                 4                 
       args_main.c.obj                  17     0                  0                 
       memset.c.obj                     7      0                  0                 
       pre_init.c.obj                   2      0                  0                 
       startup.c.obj                    1      0                  0                 
    +--+--------------------------------+------+------------------+--------------------+
       Total:                           226    24                 10                
                                                                                    
       Stack:                           0      0                  768               
    +--+--------------------------------+------+------------------+--------------------+
       Grand Total:                     2272   5440               2853              


GLOBAL DATA SYMBOLS: SORTED BY DATA PAGE

address     data page           name
--------    ----------------    ----
00000400      10 (00000400)     __stack

00000700      1c (00000700)     _mGpio
00000702      1c (00000700)     _mWdog
00000704      1c (00000700)     _mPll
00000706      1c (00000700)     _mClk
00000708      1c (00000700)     _mPie
0000070a      1c (00000700)     _mCpu
0000070c      1c (00000700)     _Font_7x10
00000710      1c (00000700)     _Font_11x18
00000714      1c (00000700)     _Font_16x26
00000718      1c (00000700)     ___TI_enable_exit_profile_output
0000071a      1c (00000700)     ___TI_cleanup_ptr
0000071c      1c (00000700)     ___TI_dtors_ptr
00000722      1c (00000700)     __lock
00000724      1c (00000700)     __unlock
00000726      1c (00000700)     _cpu

00000880      22 (00000880)     _DevEmuRegs

00000985      26 (00000980)     _SysPwrCtrlRegs

00000a80      2a (00000a80)     _FlashRegs

00000ae0      2b (00000ac0)     _CsmRegs

00000b00      2c (00000b00)     _AdcResult

00000c00      30 (00000c00)     _CpuTimer0Regs
00000c08      30 (00000c00)     _CpuTimer1Regs
00000c10      30 (00000c00)     _CpuTimer2Regs

00000ce0      33 (00000cc0)     _PieCtrlRegs

00000d00      34 (00000d00)     _EmuKey
00000d00      34 (00000d00)     _PieVectTable
00000d01      34 (00000d00)     _EmuBMode
00000d02      34 (00000d00)     _Flash_CallbackPtr
00000d04      34 (00000d00)     _Flash_CPUScaleFactor

00006400     190 (00006400)     _Comp1Regs
00006420     190 (00006400)     _Comp2Regs

00006800     1a0 (00006800)     _EPwm1Regs

00006840     1a1 (00006840)     _EPwm2Regs

00006880     1a2 (00006880)     _EPwm3Regs

000068c0     1a3 (000068c0)     _EPwm4Regs

00006a00     1a8 (00006a00)     _ECap1Regs

00006f80     1be (00006f80)     _GpioCtrlRegs

00006fc0     1bf (00006fc0)     _GpioDataRegs
00006fe0     1bf (00006fc0)     _GpioIntRegs

00007010     1c0 (00007000)     _SysCtrlRegs

00007040     1c1 (00007040)     _SpiaRegs
00007050     1c1 (00007040)     _SciaRegs
00007060     1c1 (00007040)     _NmiIntruptRegs
00007070     1c1 (00007040)     _XIntruptRegs

00007100     1c4 (00007100)     _AdcRegs

00007900     1e4 (00007900)     _I2caRegs

003d7fff    f5ff (003d7fc0)     _PartIdRegs

003f6000    fd80 (003f6000)     _Font11x18

003f7004    fdc0 (003f7000)     _Font16x26

003f79aa    fde6 (003f7980)     _Font7x10

003f7d60    fdf5 (003f7d40)     _PIE_tableDebugInit

003f7ff8    fdff (003f7fc0)     _CsmPwl


GLOBAL SYMBOLS: SORTED ALPHABETICALLY BY Name 

page  address   name                            
----  -------   ----                            
abs   ffffffff  .text                           
0     003f7f52  C$$EXIT                         
0     003f7f7b  _ADCINT1_ISR                    
0     003f6d52  _ADCINT2_ISR                    
0     003f6d57  _ADCINT3_ISR                    
0     003f6d5c  _ADCINT4_ISR                    
0     003f6d61  _ADCINT5_ISR                    
0     003f6d66  _ADCINT6_ISR                    
0     003f6d6b  _ADCINT7_ISR                    
0     003f6d70  _ADCINT8_ISR                    
0     003f6d75  _ADCINT9_ISR                    
1     00007100  _AdcRegs                        
1     00000b00  _AdcResult                      
0     003f6d29  _CLK_enableAdcClock             
0     003f6d30  _CLK_enableI2cClock             
0     003f6d01  _CLK_init                       
0     003f6d37  _CLK_setOscSrc                  
0     003f6e5a  _CPU_clearIntFlags              
0     003f6e5d  _CPU_disableGlobalInts          
0     003f6e56  _CPU_init                       
1     00006400  _Comp1Regs                      
1     00006420  _Comp2Regs                      
1     00000c00  _CpuTimer0Regs                  
1     00000c08  _CpuTimer1Regs                  
1     00000c10  _CpuTimer2Regs                  
1     003f7ff8  _CsmPwl                         
1     00000ae0  _CsmRegs                        
0     003f6d7a  _DATALOG_ISR                    
0     003f6cf1  _DSP28x_DisableInt              
0     003f6cf5  _DSP28x_RestoreInt              
0     00000050  _DSP28x_usDelay                 
1     00000880  _DevEmuRegs                     
0     003f6d7f  _ECAP1_INT_ISR                  
1     00006a00  _ECap1Regs                      
0     003f6d84  _EMPTY_ISR                      
0     003f6d89  _EMUINT_ISR                     
0     003f6d8e  _EPWM1_INT_ISR                  
0     003f6d93  _EPWM1_TZINT_ISR                
0     003f6d98  _EPWM2_INT_ISR                  
0     003f6d9d  _EPWM2_TZINT_ISR                
0     003f6da2  _EPWM3_INT_ISR                  
0     003f6da7  _EPWM3_TZINT_ISR                
0     003f6dac  _EPWM4_INT_ISR                  
0     003f6db1  _EPWM4_TZINT_ISR                
1     00006800  _EPwm1Regs                      
1     00006840  _EPwm2Regs                      
1     00006880  _EPwm3Regs                      
1     000068c0  _EPwm4Regs                      
1     00000d01  _EmuBMode                       
1     00000d00  _EmuKey                         
1     00000a80  _FlashRegs                      
1     00000d04  _Flash_CPUScaleFactor           
1     00000d02  _Flash_CallbackPtr              
0     003f6000  _Font11x18                      
0     003f7004  _Font16x26                      
0     003f79aa  _Font7x10                       
1     00000710  _Font_11x18                     
1     00000714  _Font_16x26                     
1     0000070c  _Font_7x10                      
0     003f6d09  _GPIO_init                      
1     00006f80  _GpioCtrlRegs                   
1     00006fc0  _GpioDataRegs                   
1     00006fe0  _GpioIntRegs                    
0     003f6db6  _I2CINT1A_ISR                   
0     003f6dbb  _I2CINT2A_ISR                   
1     00007900  _I2caRegs                       
0     003f6dc0  _ILLEGAL_ISR                    
0     003f6dc5  _INT13_ISR                      
0     003f6dca  _INT14_ISR                      
0     003f6dcf  _NMI_ISR                        
1     00007060  _NmiIntruptRegs                 
0     003f6dd4  _PIE_RESERVED                   
0     003f6e60  _PIE_disable                    
0     003f6cb1  _PIE_disableAllInts             
0     003f6e63  _PIE_enable                     
0     003f6dd9  _PIE_illegalIsr                 
0     003f6ce4  _PIE_init                       
0     003f6cc2  _PIE_setDebugIntVectorTable     
0     003f7d60  _PIE_tableDebugInit             
0     003f6e66  _PLL_getClkStatus               
0     003f6e69  _PLL_getLockStatus              
0     003f6d11  _PLL_init                       
0     003f6d3e  _PLL_setDivider                 
0     003f6d4c  _PLL_setMultiplier              
0     003f6c9c  _PLL_setup                      
1     003d7fff  _PartIdRegs                     
1     00000ce0  _PieCtrlRegs                    
1     00000d00  _PieVectTable                   
0     003f6dde  _RTOSINT_ISR                    
abs   00000004  _RamfuncsLoadSize               
0     003f7000  _RamfuncsLoadStart              
0     00000050  _RamfuncsRunStart               
0     003f6de3  _SCIRXINTA_ISR                  
0     003f6de8  _SCITXINTA_ISR                  
0     003f6ded  _SPIRXINTA_ISR                  
0     003f6df2  _SPITXINTA_ISR                  
0     003f6a1d  _SSD1306_DrawCircle             
0     003f6a92  _SSD1306_DrawFilledCircle       
0     003f6954  _SSD1306_DrawFilledRectangle    
0     003f69a3  _SSD1306_DrawFilledTriangle     
0     003f6861  _SSD1306_DrawLine               
0     003f67a8  _SSD1306_DrawPixel              
0     003f690b  _SSD1306_DrawRectangle          
0     003f6984  _SSD1306_DrawTriangle           
0     003f6798  _SSD1306_Fill                   
0     003f67e6  _SSD1306_GotoXY                 
0     003f66ae  _SSD1306_Init                   
0     003f6b2c  _SSD1306_OFF                    
0     003f6b1c  _SSD1306_ON                     
0     003f67f0  _SSD1306_Putc                   
0     003f6849  _SSD1306_Puts                   
0     003f677c  _SSD1306_ToggleInvert           
0     003f6753  _SSD1306_UpdateScreen           
1     00007050  _SciaRegs                       
1     00007040  _SpiaRegs                       
1     00007010  _SysCtrlRegs                    
1     00000985  _SysPwrCtrlRegs                 
0     003f6df7  _TINT0_ISR                      
0     003f6dfc  _USER10_ISR                     
0     003f6e01  _USER11_ISR                     
0     003f6e06  _USER12_ISR                     
0     003f6e0b  _USER1_ISR                      
0     003f6e10  _USER2_ISR                      
0     003f6e15  _USER3_ISR                      
0     003f6e1a  _USER4_ISR                      
0     003f6e1f  _USER5_ISR                      
0     003f6e24  _USER6_ISR                      
0     003f6e29  _USER7_ISR                      
0     003f6e2e  _USER8_ISR                      
0     003f6e33  _USER9_ISR                      
0     003f6e38  _WAKEINT_ISR                    
0     003f6d19  _WDOG_disable                   
0     003f6d21  _WDOG_init                      
0     003f6e3d  _XINT1_ISR                      
0     003f6e42  _XINT2_ISR                      
0     003f6e47  _XINT3_ISR                      
1     00007070  _XIntruptRegs                   
1     00000700  __STACK_END                     
abs   00000300  __STACK_SIZE                    
1     0000071a  ___TI_cleanup_ptr               
1     0000071c  ___TI_dtors_ptr                 
1     00000718  ___TI_enable_exit_profile_output
abs   ffffffff  ___TI_pprof_out_hndl            
abs   ffffffff  ___TI_prof_data_size            
abs   ffffffff  ___TI_prof_data_start           
abs   ffffffff  ___binit__                      
abs   ffffffff  ___c_args__                     
0     003f6e6f  ___cinit__                      
abs   ffffffff  ___etext__                      
abs   ffffffff  ___pinit__                      
abs   ffffffff  ___text__                       
0     003f6cd3  __args_main                     
1     00000722  __lock                          
0     003f6d00  __nop                           
0     003f6cfc  __register_lock                 
0     003f6cf8  __register_unlock               
1     00000400  __stack                         
0     003f6e6e  __system_post_cinit             
0     003f6e6c  __system_pre_init               
1     00000724  __unlock                        
0     003f7f52  _abort                          
0     003f6b65  _c_int00                        
0     003f6c5b  _copy_in                        
1     00000726  _cpu                            
0     003f7ed5  _enablePIE                      
0     003f7f54  _exit                           
0     003f6e51  _i2cFirstInt                    
0     003f7ee6  _i2cInit                        
0     003f7f4c  _i2cReadData                    
0     003f7f1f  _i2cWriteData                   
0     003f7eca  _initFlash                      
0     003f7e74  _initInternalClk                
0     003f7ebe  _initPerherialsReq              
0     003f7e69  _initWdog                       
0     003f6bcf  _ledErrorUpdate                 
0     003f6bb9  _ledInitGpio                    
0     003f6bed  _ledRxUpdate                    
0     003f6bfc  _ledTxUpdate                    
0     003f6bde  _ledWarningUpdate               
1     00000706  _mClk                           
1     0000070a  _mCpu                           
1     00000700  _mGpio                          
1     00000708  _mPie                           
1     00000704  _mPll                           
1     00000702  _mWdog                          
0     003f6c0b  _main                           
0     003f6c7f  _memcpy                         
0     003f6d45  _memset                         
0     003f6e4c  _rsvd_ISR                       
0     003f6cee  _setDBGIER                      
0     003f6b51  _ssd1306_I2C_Write              
0     003f6b3c  _ssd1306_I2C_WriteMulti         
abs   ffffffff  binit                           
0     003f6e6f  cinit                           
abs   ffffffff  etext                           
abs   ffffffff  pinit                           


GLOBAL SYMBOLS: SORTED BY Symbol Address 

page  address   name                            
----  -------   ----                            
0     00000050  _DSP28x_usDelay                 
0     00000050  _RamfuncsRunStart               
0     003f6000  _Font11x18                      
0     003f66ae  _SSD1306_Init                   
0     003f6753  _SSD1306_UpdateScreen           
0     003f677c  _SSD1306_ToggleInvert           
0     003f6798  _SSD1306_Fill                   
0     003f67a8  _SSD1306_DrawPixel              
0     003f67e6  _SSD1306_GotoXY                 
0     003f67f0  _SSD1306_Putc                   
0     003f6849  _SSD1306_Puts                   
0     003f6861  _SSD1306_DrawLine               
0     003f690b  _SSD1306_DrawRectangle          
0     003f6954  _SSD1306_DrawFilledRectangle    
0     003f6984  _SSD1306_DrawTriangle           
0     003f69a3  _SSD1306_DrawFilledTriangle     
0     003f6a1d  _SSD1306_DrawCircle             
0     003f6a92  _SSD1306_DrawFilledCircle       
0     003f6b1c  _SSD1306_ON                     
0     003f6b2c  _SSD1306_OFF                    
0     003f6b3c  _ssd1306_I2C_WriteMulti         
0     003f6b51  _ssd1306_I2C_Write              
0     003f6b65  _c_int00                        
0     003f6bb9  _ledInitGpio                    
0     003f6bcf  _ledErrorUpdate                 
0     003f6bde  _ledWarningUpdate               
0     003f6bed  _ledRxUpdate                    
0     003f6bfc  _ledTxUpdate                    
0     003f6c0b  _main                           
0     003f6c5b  _copy_in                        
0     003f6c7f  _memcpy                         
0     003f6c9c  _PLL_setup                      
0     003f6cb1  _PIE_disableAllInts             
0     003f6cc2  _PIE_setDebugIntVectorTable     
0     003f6cd3  __args_main                     
0     003f6ce4  _PIE_init                       
0     003f6cee  _setDBGIER                      
0     003f6cf1  _DSP28x_DisableInt              
0     003f6cf5  _DSP28x_RestoreInt              
0     003f6cf8  __register_unlock               
0     003f6cfc  __register_lock                 
0     003f6d00  __nop                           
0     003f6d01  _CLK_init                       
0     003f6d09  _GPIO_init                      
0     003f6d11  _PLL_init                       
0     003f6d19  _WDOG_disable                   
0     003f6d21  _WDOG_init                      
0     003f6d29  _CLK_enableAdcClock             
0     003f6d30  _CLK_enableI2cClock             
0     003f6d37  _CLK_setOscSrc                  
0     003f6d3e  _PLL_setDivider                 
0     003f6d45  _memset                         
0     003f6d4c  _PLL_setMultiplier              
0     003f6d52  _ADCINT2_ISR                    
0     003f6d57  _ADCINT3_ISR                    
0     003f6d5c  _ADCINT4_ISR                    
0     003f6d61  _ADCINT5_ISR                    
0     003f6d66  _ADCINT6_ISR                    
0     003f6d6b  _ADCINT7_ISR                    
0     003f6d70  _ADCINT8_ISR                    
0     003f6d75  _ADCINT9_ISR                    
0     003f6d7a  _DATALOG_ISR                    
0     003f6d7f  _ECAP1_INT_ISR                  
0     003f6d84  _EMPTY_ISR                      
0     003f6d89  _EMUINT_ISR                     
0     003f6d8e  _EPWM1_INT_ISR                  
0     003f6d93  _EPWM1_TZINT_ISR                
0     003f6d98  _EPWM2_INT_ISR                  
0     003f6d9d  _EPWM2_TZINT_ISR                
0     003f6da2  _EPWM3_INT_ISR                  
0     003f6da7  _EPWM3_TZINT_ISR                
0     003f6dac  _EPWM4_INT_ISR                  
0     003f6db1  _EPWM4_TZINT_ISR                
0     003f6db6  _I2CINT1A_ISR                   
0     003f6dbb  _I2CINT2A_ISR                   
0     003f6dc0  _ILLEGAL_ISR                    
0     003f6dc5  _INT13_ISR                      
0     003f6dca  _INT14_ISR                      
0     003f6dcf  _NMI_ISR                        
0     003f6dd4  _PIE_RESERVED                   
0     003f6dd9  _PIE_illegalIsr                 
0     003f6dde  _RTOSINT_ISR                    
0     003f6de3  _SCIRXINTA_ISR                  
0     003f6de8  _SCITXINTA_ISR                  
0     003f6ded  _SPIRXINTA_ISR                  
0     003f6df2  _SPITXINTA_ISR                  
0     003f6df7  _TINT0_ISR                      
0     003f6dfc  _USER10_ISR                     
0     003f6e01  _USER11_ISR                     
0     003f6e06  _USER12_ISR                     
0     003f6e0b  _USER1_ISR                      
0     003f6e10  _USER2_ISR                      
0     003f6e15  _USER3_ISR                      
0     003f6e1a  _USER4_ISR                      
0     003f6e1f  _USER5_ISR                      
0     003f6e24  _USER6_ISR                      
0     003f6e29  _USER7_ISR                      
0     003f6e2e  _USER8_ISR                      
0     003f6e33  _USER9_ISR                      
0     003f6e38  _WAKEINT_ISR                    
0     003f6e3d  _XINT1_ISR                      
0     003f6e42  _XINT2_ISR                      
0     003f6e47  _XINT3_ISR                      
0     003f6e4c  _rsvd_ISR                       
0     003f6e51  _i2cFirstInt                    
0     003f6e56  _CPU_init                       
0     003f6e5a  _CPU_clearIntFlags              
0     003f6e5d  _CPU_disableGlobalInts          
0     003f6e60  _PIE_disable                    
0     003f6e63  _PIE_enable                     
0     003f6e66  _PLL_getClkStatus               
0     003f6e69  _PLL_getLockStatus              
0     003f6e6c  __system_pre_init               
0     003f6e6e  __system_post_cinit             
0     003f6e6f  ___cinit__                      
0     003f6e6f  cinit                           
0     003f7000  _RamfuncsLoadStart              
0     003f7004  _Font16x26                      
0     003f79aa  _Font7x10                       
0     003f7d60  _PIE_tableDebugInit             
0     003f7e69  _initWdog                       
0     003f7e74  _initInternalClk                
0     003f7ebe  _initPerherialsReq              
0     003f7eca  _initFlash                      
0     003f7ed5  _enablePIE                      
0     003f7ee6  _i2cInit                        
0     003f7f1f  _i2cWriteData                   
0     003f7f4c  _i2cReadData                    
0     003f7f52  C$$EXIT                         
0     003f7f52  _abort                          
0     003f7f54  _exit                           
0     003f7f7b  _ADCINT1_ISR                    
1     00000400  __stack                         
1     00000700  __STACK_END                     
1     00000700  _mGpio                          
1     00000702  _mWdog                          
1     00000704  _mPll                           
1     00000706  _mClk                           
1     00000708  _mPie                           
1     0000070a  _mCpu                           
1     0000070c  _Font_7x10                      
1     00000710  _Font_11x18                     
1     00000714  _Font_16x26                     
1     00000718  ___TI_enable_exit_profile_output
1     0000071a  ___TI_cleanup_ptr               
1     0000071c  ___TI_dtors_ptr                 
1     00000722  __lock                          
1     00000724  __unlock                        
1     00000726  _cpu                            
1     00000880  _DevEmuRegs                     
1     00000985  _SysPwrCtrlRegs                 
1     00000a80  _FlashRegs                      
1     00000ae0  _CsmRegs                        
1     00000b00  _AdcResult                      
1     00000c00  _CpuTimer0Regs                  
1     00000c08  _CpuTimer1Regs                  
1     00000c10  _CpuTimer2Regs                  
1     00000ce0  _PieCtrlRegs                    
1     00000d00  _EmuKey                         
1     00000d00  _PieVectTable                   
1     00000d01  _EmuBMode                       
1     00000d02  _Flash_CallbackPtr              
1     00000d04  _Flash_CPUScaleFactor           
1     00006400  _Comp1Regs                      
1     00006420  _Comp2Regs                      
1     00006800  _EPwm1Regs                      
1     00006840  _EPwm2Regs                      
1     00006880  _EPwm3Regs                      
1     000068c0  _EPwm4Regs                      
1     00006a00  _ECap1Regs                      
1     00006f80  _GpioCtrlRegs                   
1     00006fc0  _GpioDataRegs                   
1     00006fe0  _GpioIntRegs                    
1     00007010  _SysCtrlRegs                    
1     00007040  _SpiaRegs                       
1     00007050  _SciaRegs                       
1     00007060  _NmiIntruptRegs                 
1     00007070  _XIntruptRegs                   
1     00007100  _AdcRegs                        
1     00007900  _I2caRegs                       
1     003d7fff  _PartIdRegs                     
1     003f7ff8  _CsmPwl                         
abs   00000004  _RamfuncsLoadSize               
abs   00000300  __STACK_SIZE                    
abs   ffffffff  .text                           
abs   ffffffff  ___TI_pprof_out_hndl            
abs   ffffffff  ___TI_prof_data_size            
abs   ffffffff  ___TI_prof_data_start           
abs   ffffffff  ___binit__                      
abs   ffffffff  ___c_args__                     
abs   ffffffff  ___etext__                      
abs   ffffffff  ___pinit__                      
abs   ffffffff  ___text__                       
abs   ffffffff  binit                           
abs   ffffffff  etext                           
abs   ffffffff  pinit                           

[196 symbols]
