<?xml version="1.0" encoding="ISO-8859-1" ?>
<link_info>
   <banner>TMS320C2000 Linker PC v20.2.1.LTS</banner>
   <copyright>Copyright (c) 1996-2018 Texas Instruments Incorporated</copyright>
   <link_time>0x600424ce</link_time>
   <link_errors>0x0</link_errors>
   <output_file>TI-TMS320F28027-I2C-SSD1306.out</output_file>
   <entry_point>
      <name>_c_int00</name>
      <address>0x3f6b65</address>
   </entry_point>
   <input_file_list>
      <input_file id="fl-2">
         <path>.\src\bsp\</path>
         <kind>object</kind>
         <file>fonts.obj</file>
         <name>fonts.obj</name>
      </input_file>
      <input_file id="fl-3">
         <path>.\src\bsp\</path>
         <kind>object</kind>
         <file>ssd1306.obj</file>
         <name>ssd1306.obj</name>
      </input_file>
      <input_file id="fl-4">
         <path>.\src\drv\</path>
         <kind>object</kind>
         <file>drv_base.obj</file>
         <name>drv_base.obj</name>
      </input_file>
      <input_file id="fl-5">
         <path>.\src\drv\</path>
         <kind>object</kind>
         <file>drv_i2c.obj</file>
         <name>drv_i2c.obj</name>
      </input_file>
      <input_file id="fl-6">
         <path>.\src\drv\</path>
         <kind>object</kind>
         <file>drv_led.obj</file>
         <name>drv_led.obj</name>
      </input_file>
      <input_file id="fl-7">
         <path>.\src\</path>
         <kind>object</kind>
         <file>main.obj</file>
         <name>main.obj</name>
      </input_file>
      <input_file id="fl-d">
         <kind>object</kind>
         <file>&lt;internal&gt;</file>
         <name>&lt;internal&gt;</name>
      </input_file>
      <input_file id="fl-19">
         <path>C:\ti\ccs1011\ccs\tools\compiler\ti-cgt-c2000_20.2.1.LTS\lib\</path>
         <kind>archive</kind>
         <file>rts2800_ml.lib</file>
         <name>boot28.asm.obj</name>
      </input_file>
      <input_file id="fl-1a">
         <path>C:\ti\ccs1011\ccs\tools\compiler\ti-cgt-c2000_20.2.1.LTS\lib\</path>
         <kind>archive</kind>
         <file>rts2800_ml.lib</file>
         <name>cpy_tbl.c.obj</name>
      </input_file>
      <input_file id="fl-1b">
         <path>C:\ti\ccs1011\ccs\tools\compiler\ti-cgt-c2000_20.2.1.LTS\lib\</path>
         <kind>archive</kind>
         <file>rts2800_ml.lib</file>
         <name>memcpy.c.obj</name>
      </input_file>
      <input_file id="fl-1c">
         <path>C:\ti\ccs1011\ccs\tools\compiler\ti-cgt-c2000_20.2.1.LTS\lib\</path>
         <kind>archive</kind>
         <file>rts2800_ml.lib</file>
         <name>pre_init.c.obj</name>
      </input_file>
      <input_file id="fl-1d">
         <path>C:\ti\ccs1011\ccs\tools\compiler\ti-cgt-c2000_20.2.1.LTS\lib\</path>
         <kind>archive</kind>
         <file>rts2800_ml.lib</file>
         <name>startup.c.obj</name>
      </input_file>
      <input_file id="fl-1e">
         <path>C:\ti\ccs1011\ccs\tools\compiler\ti-cgt-c2000_20.2.1.LTS\lib\</path>
         <kind>archive</kind>
         <file>rts2800_ml.lib</file>
         <name>exit.c.obj</name>
      </input_file>
      <input_file id="fl-1f">
         <path>C:\ti\ccs1011\ccs\tools\compiler\ti-cgt-c2000_20.2.1.LTS\lib\</path>
         <kind>archive</kind>
         <file>rts2800_ml.lib</file>
         <name>_lock.c.obj</name>
      </input_file>
      <input_file id="fl-20">
         <path>C:\ti\ccs1011\ccs\tools\compiler\ti-cgt-c2000_20.2.1.LTS\lib\</path>
         <kind>archive</kind>
         <file>rts2800_ml.lib</file>
         <name>args_main.c.obj</name>
      </input_file>
      <input_file id="fl-21">
         <path>C:\ti\ccs1011\ccs\tools\compiler\ti-cgt-c2000_20.2.1.LTS\lib\</path>
         <kind>archive</kind>
         <file>rts2800_ml.lib</file>
         <name>memset.c.obj</name>
      </input_file>
      <input_file id="fl-22">
         <path>C:\ti\ccs1011\ccs\tools\compiler\ti-cgt-c2000_20.2.1.LTS\lib\</path>
         <kind>archive</kind>
         <file>rts2800_ml.lib</file>
         <name>strlen.c.obj</name>
      </input_file>
      <input_file id="fl-23">
         <path>C:\ti\c2000\C2000Ware_3_03_00_00\device_support\f2802x\common\ccs\Debug\</path>
         <kind>archive</kind>
         <file>driverlib.lib</file>
         <name>F2802xX_GlobalVariableDefs.obj</name>
      </input_file>
      <input_file id="fl-24">
         <path>C:\ti\c2000\C2000Ware_3_03_00_00\device_support\f2802x\common\ccs\Debug\</path>
         <kind>archive</kind>
         <file>driverlib.lib</file>
         <name>clk.obj</name>
      </input_file>
      <input_file id="fl-25">
         <path>C:\ti\c2000\C2000Ware_3_03_00_00\device_support\f2802x\common\ccs\Debug\</path>
         <kind>archive</kind>
         <file>driverlib.lib</file>
         <name>cpu.obj</name>
      </input_file>
      <input_file id="fl-26">
         <path>C:\ti\c2000\C2000Ware_3_03_00_00\device_support\f2802x\common\ccs\Debug\</path>
         <kind>archive</kind>
         <file>driverlib.lib</file>
         <name>f2802xx_asmfuncs.obj</name>
      </input_file>
      <input_file id="fl-27">
         <path>C:\ti\c2000\C2000Ware_3_03_00_00\device_support\f2802x\common\ccs\Debug\</path>
         <kind>archive</kind>
         <file>driverlib.lib</file>
         <name>gpio.obj</name>
      </input_file>
      <input_file id="fl-28">
         <path>C:\ti\c2000\C2000Ware_3_03_00_00\device_support\f2802x\common\ccs\Debug\</path>
         <kind>archive</kind>
         <file>driverlib.lib</file>
         <name>pie.obj</name>
      </input_file>
      <input_file id="fl-29">
         <path>C:\ti\c2000\C2000Ware_3_03_00_00\device_support\f2802x\common\ccs\Debug\</path>
         <kind>archive</kind>
         <file>driverlib.lib</file>
         <name>pll.obj</name>
      </input_file>
      <input_file id="fl-2a">
         <path>C:\ti\c2000\C2000Ware_3_03_00_00\device_support\f2802x\common\ccs\Debug\</path>
         <kind>archive</kind>
         <file>driverlib.lib</file>
         <name>wdog.obj</name>
      </input_file>
      <input_file id="fl-2b">
         <path>C:\ti\c2000\C2000Ware_3_03_00_00\device_support\f2802x\common\ccs\Debug\</path>
         <kind>archive</kind>
         <file>driverlib.lib</file>
         <name>f2802xx_defaultisr.obj</name>
      </input_file>
   </input_file_list>
   <object_component_list>
      <object_component id="oc-b1">
         <name>PieVectTableFile</name>
         <uninitialized>true</uninitialized>
         <run_address>0xd00</run_address>
         <size>0x100</size>
         <input_file_ref idref="fl-23"/>
      </object_component>
      <object_component id="oc-91">
         <name>EmuKeyVar</name>
         <uninitialized>true</uninitialized>
         <run_address>0xd00</run_address>
         <size>0x1</size>
         <input_file_ref idref="fl-23"/>
      </object_component>
      <object_component id="oc-93">
         <name>EmuBModeVar</name>
         <uninitialized>true</uninitialized>
         <run_address>0xd01</run_address>
         <size>0x1</size>
         <input_file_ref idref="fl-23"/>
      </object_component>
      <object_component id="oc-95">
         <name>FlashCallbackVar</name>
         <uninitialized>true</uninitialized>
         <run_address>0xd02</run_address>
         <size>0x2</size>
         <input_file_ref idref="fl-23"/>
      </object_component>
      <object_component id="oc-94">
         <name>FlashScalingVar</name>
         <uninitialized>true</uninitialized>
         <run_address>0xd04</run_address>
         <size>0x2</size>
         <input_file_ref idref="fl-23"/>
      </object_component>
      <object_component id="oc-97">
         <name>DevEmuRegsFile</name>
         <uninitialized>true</uninitialized>
         <run_address>0x880</run_address>
         <size>0x4</size>
         <input_file_ref idref="fl-23"/>
      </object_component>
      <object_component id="oc-96">
         <name>SysPwrCtrlRegsFile</name>
         <uninitialized>true</uninitialized>
         <run_address>0x985</run_address>
         <size>0x3</size>
         <input_file_ref idref="fl-23"/>
      </object_component>
      <object_component id="oc-98">
         <name>FlashRegsFile</name>
         <uninitialized>true</uninitialized>
         <run_address>0xa80</run_address>
         <size>0x8</size>
         <input_file_ref idref="fl-23"/>
      </object_component>
      <object_component id="oc-a1">
         <name>CsmRegsFile</name>
         <uninitialized>true</uninitialized>
         <run_address>0xae0</run_address>
         <size>0x10</size>
         <input_file_ref idref="fl-23"/>
      </object_component>
      <object_component id="oc-a9">
         <name>AdcResultFile</name>
         <uninitialized>true</uninitialized>
         <run_address>0xb00</run_address>
         <size>0x20</size>
         <input_file_ref idref="fl-23"/>
      </object_component>
      <object_component id="oc-99">
         <name>CpuTimer0RegsFile</name>
         <uninitialized>true</uninitialized>
         <run_address>0xc00</run_address>
         <size>0x8</size>
         <input_file_ref idref="fl-23"/>
      </object_component>
      <object_component id="oc-9a">
         <name>CpuTimer1RegsFile</name>
         <uninitialized>true</uninitialized>
         <run_address>0xc08</run_address>
         <size>0x8</size>
         <input_file_ref idref="fl-23"/>
      </object_component>
      <object_component id="oc-9b">
         <name>CpuTimer2RegsFile</name>
         <uninitialized>true</uninitialized>
         <run_address>0xc10</run_address>
         <size>0x8</size>
         <input_file_ref idref="fl-23"/>
      </object_component>
      <object_component id="oc-a5">
         <name>PieCtrlRegsFile</name>
         <uninitialized>true</uninitialized>
         <run_address>0xce0</run_address>
         <size>0x1a</size>
         <input_file_ref idref="fl-23"/>
      </object_component>
      <object_component id="oc-a8">
         <name>ECap1RegsFile</name>
         <uninitialized>true</uninitialized>
         <run_address>0x6a00</run_address>
         <size>0x20</size>
         <input_file_ref idref="fl-23"/>
      </object_component>
      <object_component id="oc-af">
         <name>GpioCtrlRegsFile</name>
         <uninitialized>true</uninitialized>
         <run_address>0x6f80</run_address>
         <size>0x40</size>
         <input_file_ref idref="fl-23"/>
      </object_component>
      <object_component id="oc-a7">
         <name>GpioDataRegsFile</name>
         <uninitialized>true</uninitialized>
         <run_address>0x6fc0</run_address>
         <size>0x20</size>
         <input_file_ref idref="fl-23"/>
      </object_component>
      <object_component id="oc-9d">
         <name>GpioIntRegsFile</name>
         <uninitialized>true</uninitialized>
         <run_address>0x6fe0</run_address>
         <size>0xa</size>
         <input_file_ref idref="fl-23"/>
      </object_component>
      <object_component id="oc-a6">
         <name>SysCtrlRegsFile</name>
         <uninitialized>true</uninitialized>
         <run_address>0x7010</run_address>
         <size>0x1f</size>
         <input_file_ref idref="fl-23"/>
      </object_component>
      <object_component id="oc-9e">
         <name>SpiaRegsFile</name>
         <uninitialized>true</uninitialized>
         <run_address>0x7040</run_address>
         <size>0x10</size>
         <input_file_ref idref="fl-23"/>
      </object_component>
      <object_component id="oc-9f">
         <name>SciaRegsFile</name>
         <uninitialized>true</uninitialized>
         <run_address>0x7050</run_address>
         <size>0x10</size>
         <input_file_ref idref="fl-23"/>
      </object_component>
      <object_component id="oc-a0">
         <name>NmiIntruptRegsFile</name>
         <uninitialized>true</uninitialized>
         <run_address>0x7060</run_address>
         <size>0x10</size>
         <input_file_ref idref="fl-23"/>
      </object_component>
      <object_component id="oc-a2">
         <name>XIntruptRegsFile</name>
         <uninitialized>true</uninitialized>
         <run_address>0x7070</run_address>
         <size>0x10</size>
         <input_file_ref idref="fl-23"/>
      </object_component>
      <object_component id="oc-b0">
         <name>AdcRegsFile</name>
         <uninitialized>true</uninitialized>
         <run_address>0x7100</run_address>
         <size>0x51</size>
         <input_file_ref idref="fl-23"/>
      </object_component>
      <object_component id="oc-aa">
         <name>I2caRegsFile</name>
         <uninitialized>true</uninitialized>
         <run_address>0x7900</run_address>
         <size>0x22</size>
         <input_file_ref idref="fl-23"/>
      </object_component>
      <object_component id="oc-a4">
         <name>Comp1RegsFile</name>
         <uninitialized>true</uninitialized>
         <run_address>0x6400</run_address>
         <size>0x11</size>
         <input_file_ref idref="fl-23"/>
      </object_component>
      <object_component id="oc-a3">
         <name>Comp2RegsFile</name>
         <uninitialized>true</uninitialized>
         <run_address>0x6420</run_address>
         <size>0x11</size>
         <input_file_ref idref="fl-23"/>
      </object_component>
      <object_component id="oc-ae">
         <name>EPwm1RegsFile</name>
         <uninitialized>true</uninitialized>
         <run_address>0x6800</run_address>
         <size>0x40</size>
         <input_file_ref idref="fl-23"/>
      </object_component>
      <object_component id="oc-ac">
         <name>EPwm2RegsFile</name>
         <uninitialized>true</uninitialized>
         <run_address>0x6840</run_address>
         <size>0x40</size>
         <input_file_ref idref="fl-23"/>
      </object_component>
      <object_component id="oc-ab">
         <name>EPwm3RegsFile</name>
         <uninitialized>true</uninitialized>
         <run_address>0x6880</run_address>
         <size>0x40</size>
         <input_file_ref idref="fl-23"/>
      </object_component>
      <object_component id="oc-ad">
         <name>EPwm4RegsFile</name>
         <uninitialized>true</uninitialized>
         <run_address>0x68c0</run_address>
         <size>0x40</size>
         <input_file_ref idref="fl-23"/>
      </object_component>
      <object_component id="oc-9c">
         <name>CsmPwlFile</name>
         <uninitialized>true</uninitialized>
         <run_address>0x3f7ff8</run_address>
         <size>0x8</size>
         <input_file_ref idref="fl-23"/>
      </object_component>
      <object_component id="oc-92">
         <name>PartIdRegsFile</name>
         <uninitialized>true</uninitialized>
         <run_address>0x3d7fff</run_address>
         <size>0x1</size>
         <input_file_ref idref="fl-23"/>
      </object_component>
      <object_component id="oc-bf">
         <name>ramfuncs</name>
         <load_address>0x3f7000</load_address>
         <run_address>0x50</run_address>
         <size>0x4</size>
         <input_file_ref idref="fl-26"/>
      </object_component>
      <object_component id="oc-38">
         <name>.cinit</name>
         <load_address>0x3f6e6f</load_address>
         <run_address>0x3f6e6f</run_address>
         <size>0x15</size>
         <input_file_ref idref="fl-2"/>
      </object_component>
      <object_component id="oc-76">
         <name>.cinit</name>
         <load_address>0x3f6e84</load_address>
         <run_address>0x3f6e84</run_address>
         <size>0xe</size>
         <input_file_ref idref="fl-1e"/>
      </object_component>
      <object_component id="oc-11c">
         <name>.cinit:__lock</name>
         <load_address>0x3f6e92</load_address>
         <run_address>0x3f6e92</run_address>
         <size>0x5</size>
         <input_file_ref idref="fl-1f"/>
      </object_component>
      <object_component id="oc-122">
         <name>.cinit:__unlock</name>
         <load_address>0x3f6e97</load_address>
         <run_address>0x3f6e97</run_address>
         <size>0x5</size>
         <input_file_ref idref="fl-1f"/>
      </object_component>
      <object_component id="oc-120">
         <name>.text</name>
         <load_address>0x3f66ae</load_address>
         <run_address>0x3f66ae</run_address>
         <size>0x4b7</size>
         <input_file_ref idref="fl-3"/>
      </object_component>
      <object_component id="oc-36">
         <name>.text</name>
         <load_address>0x3f6b65</load_address>
         <run_address>0x3f6b65</run_address>
         <size>0x54</size>
         <input_file_ref idref="fl-19"/>
      </object_component>
      <object_component id="oc-11e">
         <name>.text</name>
         <load_address>0x3f6bb9</load_address>
         <run_address>0x3f6bb9</run_address>
         <size>0x52</size>
         <input_file_ref idref="fl-6"/>
      </object_component>
      <object_component id="oc-11a">
         <name>.text</name>
         <load_address>0x3f6c0b</load_address>
         <run_address>0x3f6c0b</run_address>
         <size>0x50</size>
         <input_file_ref idref="fl-7"/>
      </object_component>
      <object_component id="oc-112">
         <name>.text</name>
         <load_address>0x3f6c5b</load_address>
         <run_address>0x3f6c5b</run_address>
         <size>0x24</size>
         <input_file_ref idref="fl-1a"/>
      </object_component>
      <object_component id="oc-119">
         <name>.text</name>
         <load_address>0x3f6c7f</load_address>
         <run_address>0x3f6c7f</run_address>
         <size>0x1d</size>
         <input_file_ref idref="fl-1b"/>
      </object_component>
      <object_component id="oc-12b">
         <name>.text:_PLL_setup</name>
         <load_address>0x3f6c9c</load_address>
         <run_address>0x3f6c9c</run_address>
         <size>0x15</size>
         <input_file_ref idref="fl-29"/>
      </object_component>
      <object_component id="oc-12d">
         <name>.text:_PIE_disableAllInts</name>
         <load_address>0x3f6cb1</load_address>
         <run_address>0x3f6cb1</run_address>
         <size>0x11</size>
         <input_file_ref idref="fl-28"/>
      </object_component>
      <object_component id="oc-133">
         <name>.text:_PIE_setDebugIntVectorTable</name>
         <load_address>0x3f6cc2</load_address>
         <run_address>0x3f6cc2</run_address>
         <size>0x11</size>
         <input_file_ref idref="fl-28"/>
      </object_component>
      <object_component id="oc-114">
         <name>.text</name>
         <load_address>0x3f6cd3</load_address>
         <run_address>0x3f6cd3</run_address>
         <size>0x11</size>
         <input_file_ref idref="fl-20"/>
      </object_component>
      <object_component id="oc-128">
         <name>.text:_PIE_init</name>
         <load_address>0x3f6ce4</load_address>
         <run_address>0x3f6ce4</run_address>
         <size>0xa</size>
         <input_file_ref idref="fl-28"/>
      </object_component>
      <object_component id="oc-be">
         <name>.text</name>
         <load_address>0x3f6cee</load_address>
         <run_address>0x3f6cee</run_address>
         <size>0xa</size>
         <input_file_ref idref="fl-26"/>
      </object_component>
      <object_component id="oc-121">
         <name>.text</name>
         <load_address>0x3f6cf8</load_address>
         <run_address>0x3f6cf8</run_address>
         <size>0x9</size>
         <input_file_ref idref="fl-1f"/>
      </object_component>
      <object_component id="oc-125">
         <name>.text:_CLK_init</name>
         <load_address>0x3f6d01</load_address>
         <run_address>0x3f6d01</run_address>
         <size>0x8</size>
         <input_file_ref idref="fl-24"/>
      </object_component>
      <object_component id="oc-130">
         <name>.text:_GPIO_init</name>
         <load_address>0x3f6d09</load_address>
         <run_address>0x3f6d09</run_address>
         <size>0x8</size>
         <input_file_ref idref="fl-27"/>
      </object_component>
      <object_component id="oc-126">
         <name>.text:_PLL_init</name>
         <load_address>0x3f6d11</load_address>
         <run_address>0x3f6d11</run_address>
         <size>0x8</size>
         <input_file_ref idref="fl-29"/>
      </object_component>
      <object_component id="oc-124">
         <name>.text:_WDOG_disable</name>
         <load_address>0x3f6d19</load_address>
         <run_address>0x3f6d19</run_address>
         <size>0x8</size>
         <input_file_ref idref="fl-2a"/>
      </object_component>
      <object_component id="oc-123">
         <name>.text:_WDOG_init</name>
         <load_address>0x3f6d21</load_address>
         <run_address>0x3f6d21</run_address>
         <size>0x8</size>
         <input_file_ref idref="fl-2a"/>
      </object_component>
      <object_component id="oc-129">
         <name>.text:_CLK_enableAdcClock</name>
         <load_address>0x3f6d29</load_address>
         <run_address>0x3f6d29</run_address>
         <size>0x7</size>
         <input_file_ref idref="fl-24"/>
      </object_component>
      <object_component id="oc-131">
         <name>.text:_CLK_enableI2cClock</name>
         <load_address>0x3f6d30</load_address>
         <run_address>0x3f6d30</run_address>
         <size>0x7</size>
         <input_file_ref idref="fl-24"/>
      </object_component>
      <object_component id="oc-12a">
         <name>.text:_CLK_setOscSrc</name>
         <load_address>0x3f6d37</load_address>
         <run_address>0x3f6d37</run_address>
         <size>0x7</size>
         <input_file_ref idref="fl-24"/>
      </object_component>
      <object_component id="oc-138">
         <name>.text:_PLL_setDivider</name>
         <load_address>0x3f6d3e</load_address>
         <run_address>0x3f6d3e</run_address>
         <size>0x7</size>
         <input_file_ref idref="fl-29"/>
      </object_component>
      <object_component id="oc-135">
         <name>.text</name>
         <load_address>0x3f6d45</load_address>
         <run_address>0x3f6d45</run_address>
         <size>0x7</size>
         <input_file_ref idref="fl-21"/>
      </object_component>
      <object_component id="oc-139">
         <name>.text:_PLL_setMultiplier</name>
         <load_address>0x3f6d4c</load_address>
         <run_address>0x3f6d4c</run_address>
         <size>0x6</size>
         <input_file_ref idref="fl-29"/>
      </object_component>
      <object_component id="oc-ee">
         <name>.text:_ADCINT2_ISR</name>
         <load_address>0x3f6d52</load_address>
         <run_address>0x3f6d52</run_address>
         <size>0x5</size>
         <input_file_ref idref="fl-2b"/>
      </object_component>
      <object_component id="oc-103">
         <name>.text:_ADCINT3_ISR</name>
         <load_address>0x3f6d57</load_address>
         <run_address>0x3f6d57</run_address>
         <size>0x5</size>
         <input_file_ref idref="fl-2b"/>
      </object_component>
      <object_component id="oc-104">
         <name>.text:_ADCINT4_ISR</name>
         <load_address>0x3f6d5c</load_address>
         <run_address>0x3f6d5c</run_address>
         <size>0x5</size>
         <input_file_ref idref="fl-2b"/>
      </object_component>
      <object_component id="oc-105">
         <name>.text:_ADCINT5_ISR</name>
         <load_address>0x3f6d61</load_address>
         <run_address>0x3f6d61</run_address>
         <size>0x5</size>
         <input_file_ref idref="fl-2b"/>
      </object_component>
      <object_component id="oc-106">
         <name>.text:_ADCINT6_ISR</name>
         <load_address>0x3f6d66</load_address>
         <run_address>0x3f6d66</run_address>
         <size>0x5</size>
         <input_file_ref idref="fl-2b"/>
      </object_component>
      <object_component id="oc-107">
         <name>.text:_ADCINT7_ISR</name>
         <load_address>0x3f6d6b</load_address>
         <run_address>0x3f6d6b</run_address>
         <size>0x5</size>
         <input_file_ref idref="fl-2b"/>
      </object_component>
      <object_component id="oc-108">
         <name>.text:_ADCINT8_ISR</name>
         <load_address>0x3f6d70</load_address>
         <run_address>0x3f6d70</run_address>
         <size>0x5</size>
         <input_file_ref idref="fl-2b"/>
      </object_component>
      <object_component id="oc-f1">
         <name>.text:_ADCINT9_ISR</name>
         <load_address>0x3f6d75</load_address>
         <run_address>0x3f6d75</run_address>
         <size>0x5</size>
         <input_file_ref idref="fl-2b"/>
      </object_component>
      <object_component id="oc-dc">
         <name>.text:_DATALOG_ISR</name>
         <load_address>0x3f6d7a</load_address>
         <run_address>0x3f6d7a</run_address>
         <size>0x5</size>
         <input_file_ref idref="fl-2b"/>
      </object_component>
      <object_component id="oc-fc">
         <name>.text:_ECAP1_INT_ISR</name>
         <load_address>0x3f6d7f</load_address>
         <run_address>0x3f6d7f</run_address>
         <size>0x5</size>
         <input_file_ref idref="fl-2b"/>
      </object_component>
      <object_component id="oc-10a">
         <name>.text:_EMPTY_ISR</name>
         <load_address>0x3f6d84</load_address>
         <run_address>0x3f6d84</run_address>
         <size>0x5</size>
         <input_file_ref idref="fl-2b"/>
      </object_component>
      <object_component id="oc-de">
         <name>.text:_EMUINT_ISR</name>
         <load_address>0x3f6d89</load_address>
         <run_address>0x3f6d89</run_address>
         <size>0x5</size>
         <input_file_ref idref="fl-2b"/>
      </object_component>
      <object_component id="oc-f8">
         <name>.text:_EPWM1_INT_ISR</name>
         <load_address>0x3f6d8e</load_address>
         <run_address>0x3f6d8e</run_address>
         <size>0x5</size>
         <input_file_ref idref="fl-2b"/>
      </object_component>
      <object_component id="oc-f4">
         <name>.text:_EPWM1_TZINT_ISR</name>
         <load_address>0x3f6d93</load_address>
         <run_address>0x3f6d93</run_address>
         <size>0x5</size>
         <input_file_ref idref="fl-2b"/>
      </object_component>
      <object_component id="oc-f9">
         <name>.text:_EPWM2_INT_ISR</name>
         <load_address>0x3f6d98</load_address>
         <run_address>0x3f6d98</run_address>
         <size>0x5</size>
         <input_file_ref idref="fl-2b"/>
      </object_component>
      <object_component id="oc-f5">
         <name>.text:_EPWM2_TZINT_ISR</name>
         <load_address>0x3f6d9d</load_address>
         <run_address>0x3f6d9d</run_address>
         <size>0x5</size>
         <input_file_ref idref="fl-2b"/>
      </object_component>
      <object_component id="oc-fa">
         <name>.text:_EPWM3_INT_ISR</name>
         <load_address>0x3f6da2</load_address>
         <run_address>0x3f6da2</run_address>
         <size>0x5</size>
         <input_file_ref idref="fl-2b"/>
      </object_component>
      <object_component id="oc-f6">
         <name>.text:_EPWM3_TZINT_ISR</name>
         <load_address>0x3f6da7</load_address>
         <run_address>0x3f6da7</run_address>
         <size>0x5</size>
         <input_file_ref idref="fl-2b"/>
      </object_component>
      <object_component id="oc-fb">
         <name>.text:_EPWM4_INT_ISR</name>
         <load_address>0x3f6dac</load_address>
         <run_address>0x3f6dac</run_address>
         <size>0x5</size>
         <input_file_ref idref="fl-2b"/>
      </object_component>
      <object_component id="oc-f7">
         <name>.text:_EPWM4_TZINT_ISR</name>
         <load_address>0x3f6db1</load_address>
         <run_address>0x3f6db1</run_address>
         <size>0x5</size>
         <input_file_ref idref="fl-2b"/>
      </object_component>
      <object_component id="oc-ff">
         <name>.text:_I2CINT1A_ISR</name>
         <load_address>0x3f6db6</load_address>
         <run_address>0x3f6db6</run_address>
         <size>0x5</size>
         <input_file_ref idref="fl-2b"/>
      </object_component>
      <object_component id="oc-100">
         <name>.text:_I2CINT2A_ISR</name>
         <load_address>0x3f6dbb</load_address>
         <run_address>0x3f6dbb</run_address>
         <size>0x5</size>
         <input_file_ref idref="fl-2b"/>
      </object_component>
      <object_component id="oc-e0">
         <name>.text:_ILLEGAL_ISR</name>
         <load_address>0x3f6dc0</load_address>
         <run_address>0x3f6dc0</run_address>
         <size>0x5</size>
         <input_file_ref idref="fl-2b"/>
      </object_component>
      <object_component id="oc-da">
         <name>.text:_INT13_ISR</name>
         <load_address>0x3f6dc5</load_address>
         <run_address>0x3f6dc5</run_address>
         <size>0x5</size>
         <input_file_ref idref="fl-2b"/>
      </object_component>
      <object_component id="oc-db">
         <name>.text:_INT14_ISR</name>
         <load_address>0x3f6dca</load_address>
         <run_address>0x3f6dca</run_address>
         <size>0x5</size>
         <input_file_ref idref="fl-2b"/>
      </object_component>
      <object_component id="oc-df">
         <name>.text:_NMI_ISR</name>
         <load_address>0x3f6dcf</load_address>
         <run_address>0x3f6dcf</run_address>
         <size>0x5</size>
         <input_file_ref idref="fl-2b"/>
      </object_component>
      <object_component id="oc-10b">
         <name>.text:_PIE_RESERVED</name>
         <load_address>0x3f6dd4</load_address>
         <run_address>0x3f6dd4</run_address>
         <size>0x5</size>
         <input_file_ref idref="fl-2b"/>
      </object_component>
      <object_component id="oc-ca">
         <name>.text:_PIE_illegalIsr</name>
         <load_address>0x3f6dd9</load_address>
         <run_address>0x3f6dd9</run_address>
         <size>0x5</size>
         <input_file_ref idref="fl-28"/>
      </object_component>
      <object_component id="oc-dd">
         <name>.text:_RTOSINT_ISR</name>
         <load_address>0x3f6dde</load_address>
         <run_address>0x3f6dde</run_address>
         <size>0x5</size>
         <input_file_ref idref="fl-2b"/>
      </object_component>
      <object_component id="oc-101">
         <name>.text:_SCIRXINTA_ISR</name>
         <load_address>0x3f6de3</load_address>
         <run_address>0x3f6de3</run_address>
         <size>0x5</size>
         <input_file_ref idref="fl-2b"/>
      </object_component>
      <object_component id="oc-102">
         <name>.text:_SCITXINTA_ISR</name>
         <load_address>0x3f6de8</load_address>
         <run_address>0x3f6de8</run_address>
         <size>0x5</size>
         <input_file_ref idref="fl-2b"/>
      </object_component>
      <object_component id="oc-fd">
         <name>.text:_SPIRXINTA_ISR</name>
         <load_address>0x3f6ded</load_address>
         <run_address>0x3f6ded</run_address>
         <size>0x5</size>
         <input_file_ref idref="fl-2b"/>
      </object_component>
      <object_component id="oc-fe">
         <name>.text:_SPITXINTA_ISR</name>
         <load_address>0x3f6df2</load_address>
         <run_address>0x3f6df2</run_address>
         <size>0x5</size>
         <input_file_ref idref="fl-2b"/>
      </object_component>
      <object_component id="oc-f2">
         <name>.text:_TINT0_ISR</name>
         <load_address>0x3f6df7</load_address>
         <run_address>0x3f6df7</run_address>
         <size>0x5</size>
         <input_file_ref idref="fl-2b"/>
      </object_component>
      <object_component id="oc-ea">
         <name>.text:_USER10_ISR</name>
         <load_address>0x3f6dfc</load_address>
         <run_address>0x3f6dfc</run_address>
         <size>0x5</size>
         <input_file_ref idref="fl-2b"/>
      </object_component>
      <object_component id="oc-eb">
         <name>.text:_USER11_ISR</name>
         <load_address>0x3f6e01</load_address>
         <run_address>0x3f6e01</run_address>
         <size>0x5</size>
         <input_file_ref idref="fl-2b"/>
      </object_component>
      <object_component id="oc-ec">
         <name>.text:_USER12_ISR</name>
         <load_address>0x3f6e06</load_address>
         <run_address>0x3f6e06</run_address>
         <size>0x5</size>
         <input_file_ref idref="fl-2b"/>
      </object_component>
      <object_component id="oc-e1">
         <name>.text:_USER1_ISR</name>
         <load_address>0x3f6e0b</load_address>
         <run_address>0x3f6e0b</run_address>
         <size>0x5</size>
         <input_file_ref idref="fl-2b"/>
      </object_component>
      <object_component id="oc-e2">
         <name>.text:_USER2_ISR</name>
         <load_address>0x3f6e10</load_address>
         <run_address>0x3f6e10</run_address>
         <size>0x5</size>
         <input_file_ref idref="fl-2b"/>
      </object_component>
      <object_component id="oc-e3">
         <name>.text:_USER3_ISR</name>
         <load_address>0x3f6e15</load_address>
         <run_address>0x3f6e15</run_address>
         <size>0x5</size>
         <input_file_ref idref="fl-2b"/>
      </object_component>
      <object_component id="oc-e4">
         <name>.text:_USER4_ISR</name>
         <load_address>0x3f6e1a</load_address>
         <run_address>0x3f6e1a</run_address>
         <size>0x5</size>
         <input_file_ref idref="fl-2b"/>
      </object_component>
      <object_component id="oc-e5">
         <name>.text:_USER5_ISR</name>
         <load_address>0x3f6e1f</load_address>
         <run_address>0x3f6e1f</run_address>
         <size>0x5</size>
         <input_file_ref idref="fl-2b"/>
      </object_component>
      <object_component id="oc-e6">
         <name>.text:_USER6_ISR</name>
         <load_address>0x3f6e24</load_address>
         <run_address>0x3f6e24</run_address>
         <size>0x5</size>
         <input_file_ref idref="fl-2b"/>
      </object_component>
      <object_component id="oc-e7">
         <name>.text:_USER7_ISR</name>
         <load_address>0x3f6e29</load_address>
         <run_address>0x3f6e29</run_address>
         <size>0x5</size>
         <input_file_ref idref="fl-2b"/>
      </object_component>
      <object_component id="oc-e8">
         <name>.text:_USER8_ISR</name>
         <load_address>0x3f6e2e</load_address>
         <run_address>0x3f6e2e</run_address>
         <size>0x5</size>
         <input_file_ref idref="fl-2b"/>
      </object_component>
      <object_component id="oc-e9">
         <name>.text:_USER9_ISR</name>
         <load_address>0x3f6e33</load_address>
         <run_address>0x3f6e33</run_address>
         <size>0x5</size>
         <input_file_ref idref="fl-2b"/>
      </object_component>
      <object_component id="oc-f3">
         <name>.text:_WAKEINT_ISR</name>
         <load_address>0x3f6e38</load_address>
         <run_address>0x3f6e38</run_address>
         <size>0x5</size>
         <input_file_ref idref="fl-2b"/>
      </object_component>
      <object_component id="oc-ef">
         <name>.text:_XINT1_ISR</name>
         <load_address>0x3f6e3d</load_address>
         <run_address>0x3f6e3d</run_address>
         <size>0x5</size>
         <input_file_ref idref="fl-2b"/>
      </object_component>
      <object_component id="oc-f0">
         <name>.text:_XINT2_ISR</name>
         <load_address>0x3f6e42</load_address>
         <run_address>0x3f6e42</run_address>
         <size>0x5</size>
         <input_file_ref idref="fl-2b"/>
      </object_component>
      <object_component id="oc-109">
         <name>.text:_XINT3_ISR</name>
         <load_address>0x3f6e47</load_address>
         <run_address>0x3f6e47</run_address>
         <size>0x5</size>
         <input_file_ref idref="fl-2b"/>
      </object_component>
      <object_component id="oc-10c">
         <name>.text:_rsvd_ISR</name>
         <load_address>0x3f6e4c</load_address>
         <run_address>0x3f6e4c</run_address>
         <size>0x5</size>
         <input_file_ref idref="fl-2b"/>
      </object_component>
      <object_component id="oc-4b">
         <name>.text:retain</name>
         <load_address>0x3f6e51</load_address>
         <run_address>0x3f6e51</run_address>
         <size>0x5</size>
         <input_file_ref idref="fl-5"/>
      </object_component>
      <object_component id="oc-127">
         <name>.text:_CPU_init</name>
         <load_address>0x3f6e56</load_address>
         <run_address>0x3f6e56</run_address>
         <size>0x4</size>
         <input_file_ref idref="fl-25"/>
      </object_component>
      <object_component id="oc-12f">
         <name>.text:_CPU_clearIntFlags</name>
         <load_address>0x3f6e5a</load_address>
         <run_address>0x3f6e5a</run_address>
         <size>0x3</size>
         <input_file_ref idref="fl-25"/>
      </object_component>
      <object_component id="oc-12e">
         <name>.text:_CPU_disableGlobalInts</name>
         <load_address>0x3f6e5d</load_address>
         <run_address>0x3f6e5d</run_address>
         <size>0x3</size>
         <input_file_ref idref="fl-25"/>
      </object_component>
      <object_component id="oc-12c">
         <name>.text:_PIE_disable</name>
         <load_address>0x3f6e60</load_address>
         <run_address>0x3f6e60</run_address>
         <size>0x3</size>
         <input_file_ref idref="fl-28"/>
      </object_component>
      <object_component id="oc-132">
         <name>.text:_PIE_enable</name>
         <load_address>0x3f6e63</load_address>
         <run_address>0x3f6e63</run_address>
         <size>0x3</size>
         <input_file_ref idref="fl-28"/>
      </object_component>
      <object_component id="oc-137">
         <name>.text:_PLL_getClkStatus</name>
         <load_address>0x3f6e66</load_address>
         <run_address>0x3f6e66</run_address>
         <size>0x3</size>
         <input_file_ref idref="fl-29"/>
      </object_component>
      <object_component id="oc-13a">
         <name>.text:_PLL_getLockStatus</name>
         <load_address>0x3f6e69</load_address>
         <run_address>0x3f6e69</run_address>
         <size>0x3</size>
         <input_file_ref idref="fl-29"/>
      </object_component>
      <object_component id="oc-111">
         <name>.text</name>
         <load_address>0x3f6e6c</load_address>
         <run_address>0x3f6e6c</run_address>
         <size>0x2</size>
         <input_file_ref idref="fl-1c"/>
      </object_component>
      <object_component id="oc-113">
         <name>.text</name>
         <load_address>0x3f6e6e</load_address>
         <run_address>0x3f6e6e</run_address>
         <size>0x1</size>
         <input_file_ref idref="fl-1d"/>
      </object_component>
      <object_component id="oc-11d">
         <name>.text</name>
         <load_address>0x3f7e69</load_address>
         <run_address>0x3f7e69</run_address>
         <size>0x7d</size>
         <input_file_ref idref="fl-4"/>
      </object_component>
      <object_component id="oc-11f">
         <name>.text</name>
         <load_address>0x3f7ee6</load_address>
         <run_address>0x3f7ee6</run_address>
         <size>0x6c</size>
         <input_file_ref idref="fl-5"/>
      </object_component>
      <object_component id="oc-115">
         <name>.text</name>
         <load_address>0x3f7f52</load_address>
         <run_address>0x3f7f52</run_address>
         <size>0x29</size>
         <input_file_ref idref="fl-1e"/>
      </object_component>
      <object_component id="oc-ed">
         <name>.text:_ADCINT1_ISR</name>
         <load_address>0x3f7f7b</load_address>
         <run_address>0x3f7f7b</run_address>
         <size>0x5</size>
         <input_file_ref idref="fl-2b"/>
      </object_component>
      <object_component id="oc-5b">
         <name>.stack</name>
         <uninitialized>true</uninitialized>
         <run_address>0x400</run_address>
         <size>0x0</size>
         <input_file_ref idref="fl-19"/>
      </object_component>
      <object_component id="oc-179">
         <name>.stack</name>
         <uninitialized>true</uninitialized>
         <run_address>0x400</run_address>
         <size>0x0</size>
      </object_component>
      <object_component id="oc-45">
         <name>.ebss</name>
         <uninitialized>true</uninitialized>
         <run_address>0x700</run_address>
         <size>0xc</size>
         <input_file_ref idref="fl-4"/>
      </object_component>
      <object_component id="oc-39">
         <name>.ebss</name>
         <uninitialized>true</uninitialized>
         <run_address>0x70c</run_address>
         <size>0xc</size>
         <input_file_ref idref="fl-2"/>
      </object_component>
      <object_component id="oc-77">
         <name>.ebss</name>
         <uninitialized>true</uninitialized>
         <run_address>0x718</run_address>
         <size>0x6</size>
         <input_file_ref idref="fl-1e"/>
      </object_component>
      <object_component id="oc-3f">
         <name>.ebss</name>
         <uninitialized>true</uninitialized>
         <run_address>0x71e</run_address>
         <size>0x4</size>
         <input_file_ref idref="fl-3"/>
      </object_component>
      <object_component id="oc-11b">
         <name>.ebss:__lock</name>
         <uninitialized>true</uninitialized>
         <run_address>0x722</run_address>
         <size>0x2</size>
         <input_file_ref idref="fl-1f"/>
      </object_component>
      <object_component id="oc-136">
         <name>.ebss:__unlock</name>
         <uninitialized>true</uninitialized>
         <run_address>0x724</run_address>
         <size>0x2</size>
         <input_file_ref idref="fl-1f"/>
      </object_component>
      <object_component id="oc-b9">
         <name>.ebss</name>
         <uninitialized>true</uninitialized>
         <run_address>0x726</run_address>
         <size>0x1</size>
         <input_file_ref idref="fl-25"/>
      </object_component>
      <object_component id="oc-134">
         <name>.ebss:_SSD1306_Buffer</name>
         <uninitialized>true</uninitialized>
         <run_address>0x8000</run_address>
         <size>0x400</size>
         <input_file_ref idref="fl-3"/>
      </object_component>
      <object_component id="oc-117">
         <name>.econst:_Font11x18</name>
         <load_address>0x3f6000</load_address>
         <run_address>0x3f6000</run_address>
         <size>0x6ae</size>
         <input_file_ref idref="fl-2"/>
      </object_component>
      <object_component id="oc-118">
         <name>.econst:_Font16x26</name>
         <load_address>0x3f7004</load_address>
         <run_address>0x3f7004</run_address>
         <size>0x9a6</size>
         <input_file_ref idref="fl-2"/>
      </object_component>
      <object_component id="oc-116">
         <name>.econst:_Font7x10</name>
         <load_address>0x3f79aa</load_address>
         <run_address>0x3f79aa</run_address>
         <size>0x3b6</size>
         <input_file_ref idref="fl-2"/>
      </object_component>
      <object_component id="oc-13b">
         <name>.econst:_PIE_tableDebugInit</name>
         <load_address>0x3f7d60</load_address>
         <run_address>0x3f7d60</run_address>
         <size>0x100</size>
         <input_file_ref idref="fl-28"/>
      </object_component>
      <object_component id="oc-56">
         <name>.econst:.string</name>
         <load_address>0x3f7e60</load_address>
         <run_address>0x3f7e60</run_address>
         <size>0x9</size>
         <input_file_ref idref="fl-7"/>
      </object_component>
      <object_component id="oc-5c">
         <name>.reset</name>
         <load_address>0x3fffc0</load_address>
         <run_address>0x3fffc0</run_address>
         <size>0x2</size>
         <input_file_ref idref="fl-19"/>
      </object_component>
      <object_component id="oc-37">
         <name>.debug_info</name>
         <load_address>0x0</load_address>
         <run_address>0x0</run_address>
         <size>0x4fb</size>
         <input_file_ref idref="fl-2"/>
      </object_component>
      <object_component id="oc-3e">
         <name>.debug_info</name>
         <load_address>0x4fb</load_address>
         <run_address>0x4fb</run_address>
         <size>0x1dde</size>
         <input_file_ref idref="fl-3"/>
      </object_component>
      <object_component id="oc-44">
         <name>.debug_info</name>
         <load_address>0x22d9</load_address>
         <run_address>0x22d9</run_address>
         <size>0x223d</size>
         <input_file_ref idref="fl-4"/>
      </object_component>
      <object_component id="oc-4a">
         <name>.debug_info</name>
         <load_address>0x4516</load_address>
         <run_address>0x4516</run_address>
         <size>0x3572</size>
         <input_file_ref idref="fl-5"/>
      </object_component>
      <object_component id="oc-50">
         <name>.debug_info</name>
         <load_address>0x7a88</load_address>
         <run_address>0x7a88</run_address>
         <size>0x1846</size>
         <input_file_ref idref="fl-6"/>
      </object_component>
      <object_component id="oc-55">
         <name>.debug_info</name>
         <load_address>0x92ce</load_address>
         <run_address>0x92ce</run_address>
         <size>0x835</size>
         <input_file_ref idref="fl-7"/>
      </object_component>
      <object_component id="oc-5d">
         <name>.debug_info</name>
         <load_address>0x9b03</load_address>
         <run_address>0x9b03</run_address>
         <size>0x173</size>
         <input_file_ref idref="fl-19"/>
      </object_component>
      <object_component id="oc-61">
         <name>.debug_info</name>
         <load_address>0x9c76</load_address>
         <run_address>0x9c76</run_address>
         <size>0x4fa</size>
         <input_file_ref idref="fl-1a"/>
      </object_component>
      <object_component id="oc-66">
         <name>.debug_info</name>
         <load_address>0xa170</load_address>
         <run_address>0xa170</run_address>
         <size>0x3d3</size>
         <input_file_ref idref="fl-1b"/>
      </object_component>
      <object_component id="oc-6b">
         <name>.debug_info</name>
         <load_address>0xa543</load_address>
         <run_address>0xa543</run_address>
         <size>0x346</size>
         <input_file_ref idref="fl-1c"/>
      </object_component>
      <object_component id="oc-70">
         <name>.debug_info</name>
         <load_address>0xa889</load_address>
         <run_address>0xa889</run_address>
         <size>0x343</size>
         <input_file_ref idref="fl-1d"/>
      </object_component>
      <object_component id="oc-75">
         <name>.debug_info</name>
         <load_address>0xabcc</load_address>
         <run_address>0xabcc</run_address>
         <size>0x4dd</size>
         <input_file_ref idref="fl-1e"/>
      </object_component>
      <object_component id="oc-7c">
         <name>.debug_info</name>
         <load_address>0xb0a9</load_address>
         <run_address>0xb0a9</run_address>
         <size>0x465</size>
         <input_file_ref idref="fl-1f"/>
      </object_component>
      <object_component id="oc-81">
         <name>.debug_info</name>
         <load_address>0xb50e</load_address>
         <run_address>0xb50e</run_address>
         <size>0x3ee</size>
         <input_file_ref idref="fl-20"/>
      </object_component>
      <object_component id="oc-86">
         <name>.debug_info</name>
         <load_address>0xb8fc</load_address>
         <run_address>0xb8fc</run_address>
         <size>0x49b</size>
         <input_file_ref idref="fl-21"/>
      </object_component>
      <object_component id="oc-8b">
         <name>.debug_info</name>
         <load_address>0xbd97</load_address>
         <run_address>0xbd97</run_address>
         <size>0x2ff</size>
         <input_file_ref idref="fl-22"/>
      </object_component>
      <object_component id="oc-90">
         <name>.debug_info</name>
         <load_address>0xc096</load_address>
         <run_address>0xc096</run_address>
         <size>0xb0d8</size>
         <input_file_ref idref="fl-23"/>
      </object_component>
      <object_component id="oc-b3">
         <name>.debug_info</name>
         <load_address>0x1716e</load_address>
         <run_address>0x1716e</run_address>
         <size>0xdf8</size>
         <input_file_ref idref="fl-24"/>
      </object_component>
      <object_component id="oc-b8">
         <name>.debug_info</name>
         <load_address>0x17f66</load_address>
         <run_address>0x17f66</run_address>
         <size>0x78a</size>
         <input_file_ref idref="fl-25"/>
      </object_component>
      <object_component id="oc-c0">
         <name>.debug_info</name>
         <load_address>0x186f0</load_address>
         <run_address>0x186f0</run_address>
         <size>0x1f9</size>
         <input_file_ref idref="fl-26"/>
      </object_component>
      <object_component id="oc-c4">
         <name>.debug_info</name>
         <load_address>0x188e9</load_address>
         <run_address>0x188e9</run_address>
         <size>0x1566</size>
         <input_file_ref idref="fl-27"/>
      </object_component>
      <object_component id="oc-c9">
         <name>.debug_info</name>
         <load_address>0x19e4f</load_address>
         <run_address>0x19e4f</run_address>
         <size>0x29b9</size>
         <input_file_ref idref="fl-28"/>
      </object_component>
      <object_component id="oc-cf">
         <name>.debug_info</name>
         <load_address>0x1c808</load_address>
         <run_address>0x1c808</run_address>
         <size>0xd6c</size>
         <input_file_ref idref="fl-29"/>
      </object_component>
      <object_component id="oc-d4">
         <name>.debug_info</name>
         <load_address>0x1d574</load_address>
         <run_address>0x1d574</run_address>
         <size>0x7a9</size>
         <input_file_ref idref="fl-2a"/>
      </object_component>
      <object_component id="oc-d9">
         <name>.debug_info</name>
         <load_address>0x1dd1d</load_address>
         <run_address>0x1dd1d</run_address>
         <size>0x2d3e</size>
         <input_file_ref idref="fl-2b"/>
      </object_component>
      <object_component id="oc-180">
         <name>.debug_info</name>
         <load_address>0x20a5b</load_address>
         <run_address>0x20a5b</run_address>
         <size>0xb2</size>
      </object_component>
      <object_component id="oc-3a">
         <name>.debug_frame</name>
         <load_address>0x0</load_address>
         <run_address>0x0</run_address>
         <size>0x20</size>
         <input_file_ref idref="fl-2"/>
      </object_component>
      <object_component id="oc-40">
         <name>.debug_frame</name>
         <load_address>0x20</load_address>
         <run_address>0x20</run_address>
         <size>0x22c</size>
         <input_file_ref idref="fl-3"/>
      </object_component>
      <object_component id="oc-46">
         <name>.debug_frame</name>
         <load_address>0x24c</load_address>
         <run_address>0x24c</run_address>
         <size>0x98</size>
         <input_file_ref idref="fl-4"/>
      </object_component>
      <object_component id="oc-4c">
         <name>.debug_frame</name>
         <load_address>0x2e4</load_address>
         <run_address>0x2e4</run_address>
         <size>0x8c</size>
         <input_file_ref idref="fl-5"/>
      </object_component>
      <object_component id="oc-51">
         <name>.debug_frame</name>
         <load_address>0x370</load_address>
         <run_address>0x370</run_address>
         <size>0xa8</size>
         <input_file_ref idref="fl-6"/>
      </object_component>
      <object_component id="oc-57">
         <name>.debug_frame</name>
         <load_address>0x418</load_address>
         <run_address>0x418</run_address>
         <size>0x3c</size>
         <input_file_ref idref="fl-7"/>
      </object_component>
      <object_component id="oc-62">
         <name>.debug_frame</name>
         <load_address>0x454</load_address>
         <run_address>0x454</run_address>
         <size>0x58</size>
         <input_file_ref idref="fl-1a"/>
      </object_component>
      <object_component id="oc-67">
         <name>.debug_frame</name>
         <load_address>0x4ac</load_address>
         <run_address>0x4ac</run_address>
         <size>0x38</size>
         <input_file_ref idref="fl-1b"/>
      </object_component>
      <object_component id="oc-6c">
         <name>.debug_frame</name>
         <load_address>0x4e4</load_address>
         <run_address>0x4e4</run_address>
         <size>0x38</size>
         <input_file_ref idref="fl-1c"/>
      </object_component>
      <object_component id="oc-71">
         <name>.debug_frame</name>
         <load_address>0x51c</load_address>
         <run_address>0x51c</run_address>
         <size>0x38</size>
         <input_file_ref idref="fl-1d"/>
      </object_component>
      <object_component id="oc-78">
         <name>.debug_frame</name>
         <load_address>0x554</load_address>
         <run_address>0x554</run_address>
         <size>0x58</size>
         <input_file_ref idref="fl-1e"/>
      </object_component>
      <object_component id="oc-7d">
         <name>.debug_frame</name>
         <load_address>0x5ac</load_address>
         <run_address>0x5ac</run_address>
         <size>0x68</size>
         <input_file_ref idref="fl-1f"/>
      </object_component>
      <object_component id="oc-82">
         <name>.debug_frame</name>
         <load_address>0x614</load_address>
         <run_address>0x614</run_address>
         <size>0x38</size>
         <input_file_ref idref="fl-20"/>
      </object_component>
      <object_component id="oc-87">
         <name>.debug_frame</name>
         <load_address>0x64c</load_address>
         <run_address>0x64c</run_address>
         <size>0x38</size>
         <input_file_ref idref="fl-21"/>
      </object_component>
      <object_component id="oc-8c">
         <name>.debug_frame</name>
         <load_address>0x684</load_address>
         <run_address>0x684</run_address>
         <size>0x20</size>
         <input_file_ref idref="fl-22"/>
      </object_component>
      <object_component id="oc-b4">
         <name>.debug_frame</name>
         <load_address>0x6a4</load_address>
         <run_address>0x6a4</run_address>
         <size>0xb6</size>
         <input_file_ref idref="fl-24"/>
      </object_component>
      <object_component id="oc-ba">
         <name>.debug_frame</name>
         <load_address>0x75a</load_address>
         <run_address>0x75a</run_address>
         <size>0xa1</size>
         <input_file_ref idref="fl-25"/>
      </object_component>
      <object_component id="oc-c5">
         <name>.debug_frame</name>
         <load_address>0x7fb</load_address>
         <run_address>0x7fb</run_address>
         <size>0x77</size>
         <input_file_ref idref="fl-27"/>
      </object_component>
      <object_component id="oc-cb">
         <name>.debug_frame</name>
         <load_address>0x872</load_address>
         <run_address>0x872</run_address>
         <size>0xe0</size>
         <input_file_ref idref="fl-28"/>
      </object_component>
      <object_component id="oc-d0">
         <name>.debug_frame</name>
         <load_address>0x952</load_address>
         <run_address>0x952</run_address>
         <size>0xe0</size>
         <input_file_ref idref="fl-29"/>
      </object_component>
      <object_component id="oc-d5">
         <name>.debug_frame</name>
         <load_address>0xa32</load_address>
         <run_address>0xa32</run_address>
         <size>0x8c</size>
         <input_file_ref idref="fl-2a"/>
      </object_component>
      <object_component id="oc-10d">
         <name>.debug_frame</name>
         <load_address>0xabe</load_address>
         <run_address>0xabe</run_address>
         <size>0x491</size>
         <input_file_ref idref="fl-2b"/>
      </object_component>
      <object_component id="oc-3b">
         <name>.debug_line</name>
         <load_address>0x0</load_address>
         <run_address>0x0</run_address>
         <size>0x33</size>
         <input_file_ref idref="fl-2"/>
      </object_component>
      <object_component id="oc-41">
         <name>.debug_line</name>
         <load_address>0x33</load_address>
         <run_address>0x33</run_address>
         <size>0x43f</size>
         <input_file_ref idref="fl-3"/>
      </object_component>
      <object_component id="oc-47">
         <name>.debug_line</name>
         <load_address>0x472</load_address>
         <run_address>0x472</run_address>
         <size>0xbd</size>
         <input_file_ref idref="fl-4"/>
      </object_component>
      <object_component id="oc-4d">
         <name>.debug_line</name>
         <load_address>0x52f</load_address>
         <run_address>0x52f</run_address>
         <size>0xb6</size>
         <input_file_ref idref="fl-5"/>
      </object_component>
      <object_component id="oc-52">
         <name>.debug_line</name>
         <load_address>0x5e5</load_address>
         <run_address>0x5e5</run_address>
         <size>0xc2</size>
         <input_file_ref idref="fl-6"/>
      </object_component>
      <object_component id="oc-58">
         <name>.debug_line</name>
         <load_address>0x6a7</load_address>
         <run_address>0x6a7</run_address>
         <size>0x5c</size>
         <input_file_ref idref="fl-7"/>
      </object_component>
      <object_component id="oc-5e">
         <name>.debug_line</name>
         <load_address>0x703</load_address>
         <run_address>0x703</run_address>
         <size>0x7d</size>
         <input_file_ref idref="fl-19"/>
      </object_component>
      <object_component id="oc-63">
         <name>.debug_line</name>
         <load_address>0x780</load_address>
         <run_address>0x780</run_address>
         <size>0x50</size>
         <input_file_ref idref="fl-1a"/>
      </object_component>
      <object_component id="oc-68">
         <name>.debug_line</name>
         <load_address>0x7d0</load_address>
         <run_address>0x7d0</run_address>
         <size>0x62</size>
         <input_file_ref idref="fl-1b"/>
      </object_component>
      <object_component id="oc-6d">
         <name>.debug_line</name>
         <load_address>0x832</load_address>
         <run_address>0x832</run_address>
         <size>0x3e</size>
         <input_file_ref idref="fl-1c"/>
      </object_component>
      <object_component id="oc-72">
         <name>.debug_line</name>
         <load_address>0x870</load_address>
         <run_address>0x870</run_address>
         <size>0x3a</size>
         <input_file_ref idref="fl-1d"/>
      </object_component>
      <object_component id="oc-79">
         <name>.debug_line</name>
         <load_address>0x8aa</load_address>
         <run_address>0x8aa</run_address>
         <size>0x65</size>
         <input_file_ref idref="fl-1e"/>
      </object_component>
      <object_component id="oc-7e">
         <name>.debug_line</name>
         <load_address>0x90f</load_address>
         <run_address>0x90f</run_address>
         <size>0x5e</size>
         <input_file_ref idref="fl-1f"/>
      </object_component>
      <object_component id="oc-83">
         <name>.debug_line</name>
         <load_address>0x96d</load_address>
         <run_address>0x96d</run_address>
         <size>0x4f</size>
         <input_file_ref idref="fl-20"/>
      </object_component>
      <object_component id="oc-88">
         <name>.debug_line</name>
         <load_address>0x9bc</load_address>
         <run_address>0x9bc</run_address>
         <size>0xb1</size>
         <input_file_ref idref="fl-21"/>
      </object_component>
      <object_component id="oc-8d">
         <name>.debug_line</name>
         <load_address>0xa6d</load_address>
         <run_address>0xa6d</run_address>
         <size>0x8f</size>
         <input_file_ref idref="fl-22"/>
      </object_component>
      <object_component id="oc-b5">
         <name>.debug_line</name>
         <load_address>0xafc</load_address>
         <run_address>0xafc</run_address>
         <size>0xdd</size>
         <input_file_ref idref="fl-24"/>
      </object_component>
      <object_component id="oc-bb">
         <name>.debug_line</name>
         <load_address>0xbd9</load_address>
         <run_address>0xbd9</run_address>
         <size>0xb0</size>
         <input_file_ref idref="fl-25"/>
      </object_component>
      <object_component id="oc-c1">
         <name>.debug_line</name>
         <load_address>0xc89</load_address>
         <run_address>0xc89</run_address>
         <size>0x9f</size>
         <input_file_ref idref="fl-26"/>
      </object_component>
      <object_component id="oc-c6">
         <name>.debug_line</name>
         <load_address>0xd28</load_address>
         <run_address>0xd28</run_address>
         <size>0x87</size>
         <input_file_ref idref="fl-27"/>
      </object_component>
      <object_component id="oc-cc">
         <name>.debug_line</name>
         <load_address>0xdaf</load_address>
         <run_address>0xdaf</run_address>
         <size>0x120</size>
         <input_file_ref idref="fl-28"/>
      </object_component>
      <object_component id="oc-d1">
         <name>.debug_line</name>
         <load_address>0xecf</load_address>
         <run_address>0xecf</run_address>
         <size>0x123</size>
         <input_file_ref idref="fl-29"/>
      </object_component>
      <object_component id="oc-d6">
         <name>.debug_line</name>
         <load_address>0xff2</load_address>
         <run_address>0xff2</run_address>
         <size>0xa3</size>
         <input_file_ref idref="fl-2a"/>
      </object_component>
      <object_component id="oc-10e">
         <name>.debug_line</name>
         <load_address>0x1095</load_address>
         <run_address>0x1095</run_address>
         <size>0x4fb</size>
         <input_file_ref idref="fl-2b"/>
      </object_component>
      <object_component id="oc-3c">
         <name>.debug_abbrev</name>
         <load_address>0x0</load_address>
         <run_address>0x0</run_address>
         <size>0x109</size>
         <input_file_ref idref="fl-2"/>
      </object_component>
      <object_component id="oc-42">
         <name>.debug_abbrev</name>
         <load_address>0x109</load_address>
         <run_address>0x109</run_address>
         <size>0x180</size>
         <input_file_ref idref="fl-3"/>
      </object_component>
      <object_component id="oc-48">
         <name>.debug_abbrev</name>
         <load_address>0x289</load_address>
         <run_address>0x289</run_address>
         <size>0x164</size>
         <input_file_ref idref="fl-4"/>
      </object_component>
      <object_component id="oc-4e">
         <name>.debug_abbrev</name>
         <load_address>0x3ed</load_address>
         <run_address>0x3ed</run_address>
         <size>0x166</size>
         <input_file_ref idref="fl-5"/>
      </object_component>
      <object_component id="oc-53">
         <name>.debug_abbrev</name>
         <load_address>0x553</load_address>
         <run_address>0x553</run_address>
         <size>0xf8</size>
         <input_file_ref idref="fl-6"/>
      </object_component>
      <object_component id="oc-59">
         <name>.debug_abbrev</name>
         <load_address>0x64b</load_address>
         <run_address>0x64b</run_address>
         <size>0x11b</size>
         <input_file_ref idref="fl-7"/>
      </object_component>
      <object_component id="oc-5f">
         <name>.debug_abbrev</name>
         <load_address>0x766</load_address>
         <run_address>0x766</run_address>
         <size>0x46</size>
         <input_file_ref idref="fl-19"/>
      </object_component>
      <object_component id="oc-64">
         <name>.debug_abbrev</name>
         <load_address>0x7ac</load_address>
         <run_address>0x7ac</run_address>
         <size>0xe3</size>
         <input_file_ref idref="fl-1a"/>
      </object_component>
      <object_component id="oc-69">
         <name>.debug_abbrev</name>
         <load_address>0x88f</load_address>
         <run_address>0x88f</run_address>
         <size>0xa8</size>
         <input_file_ref idref="fl-1b"/>
      </object_component>
      <object_component id="oc-6e">
         <name>.debug_abbrev</name>
         <load_address>0x937</load_address>
         <run_address>0x937</run_address>
         <size>0x68</size>
         <input_file_ref idref="fl-1c"/>
      </object_component>
      <object_component id="oc-73">
         <name>.debug_abbrev</name>
         <load_address>0x99f</load_address>
         <run_address>0x99f</run_address>
         <size>0x66</size>
         <input_file_ref idref="fl-1d"/>
      </object_component>
      <object_component id="oc-7a">
         <name>.debug_abbrev</name>
         <load_address>0xa05</load_address>
         <run_address>0xa05</run_address>
         <size>0x130</size>
         <input_file_ref idref="fl-1e"/>
      </object_component>
      <object_component id="oc-7f">
         <name>.debug_abbrev</name>
         <load_address>0xb35</load_address>
         <run_address>0xb35</run_address>
         <size>0xb2</size>
         <input_file_ref idref="fl-1f"/>
      </object_component>
      <object_component id="oc-84">
         <name>.debug_abbrev</name>
         <load_address>0xbe7</load_address>
         <run_address>0xbe7</run_address>
         <size>0xee</size>
         <input_file_ref idref="fl-20"/>
      </object_component>
      <object_component id="oc-89">
         <name>.debug_abbrev</name>
         <load_address>0xcd5</load_address>
         <run_address>0xcd5</run_address>
         <size>0xa8</size>
         <input_file_ref idref="fl-21"/>
      </object_component>
      <object_component id="oc-8e">
         <name>.debug_abbrev</name>
         <load_address>0xd7d</load_address>
         <run_address>0xd7d</run_address>
         <size>0xa8</size>
         <input_file_ref idref="fl-22"/>
      </object_component>
      <object_component id="oc-b2">
         <name>.debug_abbrev</name>
         <load_address>0xe25</load_address>
         <run_address>0xe25</run_address>
         <size>0xb7</size>
         <input_file_ref idref="fl-23"/>
      </object_component>
      <object_component id="oc-b6">
         <name>.debug_abbrev</name>
         <load_address>0xedc</load_address>
         <run_address>0xedc</run_address>
         <size>0x174</size>
         <input_file_ref idref="fl-24"/>
      </object_component>
      <object_component id="oc-bc">
         <name>.debug_abbrev</name>
         <load_address>0x1050</load_address>
         <run_address>0x1050</run_address>
         <size>0x11b</size>
         <input_file_ref idref="fl-25"/>
      </object_component>
      <object_component id="oc-c2">
         <name>.debug_abbrev</name>
         <load_address>0x116b</load_address>
         <run_address>0x116b</run_address>
         <size>0x2f</size>
         <input_file_ref idref="fl-26"/>
      </object_component>
      <object_component id="oc-c7">
         <name>.debug_abbrev</name>
         <load_address>0x119a</load_address>
         <run_address>0x119a</run_address>
         <size>0x16b</size>
         <input_file_ref idref="fl-27"/>
      </object_component>
      <object_component id="oc-cd">
         <name>.debug_abbrev</name>
         <load_address>0x1305</load_address>
         <run_address>0x1305</run_address>
         <size>0x1d9</size>
         <input_file_ref idref="fl-28"/>
      </object_component>
      <object_component id="oc-d2">
         <name>.debug_abbrev</name>
         <load_address>0x14de</load_address>
         <run_address>0x14de</run_address>
         <size>0x182</size>
         <input_file_ref idref="fl-29"/>
      </object_component>
      <object_component id="oc-d7">
         <name>.debug_abbrev</name>
         <load_address>0x1660</load_address>
         <run_address>0x1660</run_address>
         <size>0x11d</size>
         <input_file_ref idref="fl-2a"/>
      </object_component>
      <object_component id="oc-10f">
         <name>.debug_abbrev</name>
         <load_address>0x177d</load_address>
         <run_address>0x177d</run_address>
         <size>0xb6</size>
         <input_file_ref idref="fl-2b"/>
      </object_component>
      <object_component id="oc-181">
         <name>.debug_abbrev</name>
         <load_address>0x1833</load_address>
         <run_address>0x1833</run_address>
         <size>0xf</size>
      </object_component>
      <object_component id="oc-3d">
         <name>.debug_aranges</name>
         <load_address>0x0</load_address>
         <run_address>0x0</run_address>
         <size>0x18</size>
         <input_file_ref idref="fl-2"/>
      </object_component>
      <object_component id="oc-43">
         <name>.debug_aranges</name>
         <load_address>0x18</load_address>
         <run_address>0x18</run_address>
         <size>0xb0</size>
         <input_file_ref idref="fl-3"/>
      </object_component>
      <object_component id="oc-49">
         <name>.debug_aranges</name>
         <load_address>0xc8</load_address>
         <run_address>0xc8</run_address>
         <size>0x40</size>
         <input_file_ref idref="fl-4"/>
      </object_component>
      <object_component id="oc-4f">
         <name>.debug_aranges</name>
         <load_address>0x108</load_address>
         <run_address>0x108</run_address>
         <size>0x38</size>
         <input_file_ref idref="fl-5"/>
      </object_component>
      <object_component id="oc-54">
         <name>.debug_aranges</name>
         <load_address>0x140</load_address>
         <run_address>0x140</run_address>
         <size>0x40</size>
         <input_file_ref idref="fl-6"/>
      </object_component>
      <object_component id="oc-5a">
         <name>.debug_aranges</name>
         <load_address>0x180</load_address>
         <run_address>0x180</run_address>
         <size>0x20</size>
         <input_file_ref idref="fl-7"/>
      </object_component>
      <object_component id="oc-60">
         <name>.debug_aranges</name>
         <load_address>0x1a0</load_address>
         <run_address>0x1a0</run_address>
         <size>0x20</size>
         <input_file_ref idref="fl-19"/>
      </object_component>
      <object_component id="oc-65">
         <name>.debug_aranges</name>
         <load_address>0x1c0</load_address>
         <run_address>0x1c0</run_address>
         <size>0x20</size>
         <input_file_ref idref="fl-1a"/>
      </object_component>
      <object_component id="oc-6a">
         <name>.debug_aranges</name>
         <load_address>0x1e0</load_address>
         <run_address>0x1e0</run_address>
         <size>0x20</size>
         <input_file_ref idref="fl-1b"/>
      </object_component>
      <object_component id="oc-6f">
         <name>.debug_aranges</name>
         <load_address>0x200</load_address>
         <run_address>0x200</run_address>
         <size>0x20</size>
         <input_file_ref idref="fl-1c"/>
      </object_component>
      <object_component id="oc-74">
         <name>.debug_aranges</name>
         <load_address>0x220</load_address>
         <run_address>0x220</run_address>
         <size>0x20</size>
         <input_file_ref idref="fl-1d"/>
      </object_component>
      <object_component id="oc-7b">
         <name>.debug_aranges</name>
         <load_address>0x240</load_address>
         <run_address>0x240</run_address>
         <size>0x28</size>
         <input_file_ref idref="fl-1e"/>
      </object_component>
      <object_component id="oc-80">
         <name>.debug_aranges</name>
         <load_address>0x268</load_address>
         <run_address>0x268</run_address>
         <size>0x30</size>
         <input_file_ref idref="fl-1f"/>
      </object_component>
      <object_component id="oc-85">
         <name>.debug_aranges</name>
         <load_address>0x298</load_address>
         <run_address>0x298</run_address>
         <size>0x20</size>
         <input_file_ref idref="fl-20"/>
      </object_component>
      <object_component id="oc-8a">
         <name>.debug_aranges</name>
         <load_address>0x2b8</load_address>
         <run_address>0x2b8</run_address>
         <size>0x20</size>
         <input_file_ref idref="fl-21"/>
      </object_component>
      <object_component id="oc-8f">
         <name>.debug_aranges</name>
         <load_address>0x2d8</load_address>
         <run_address>0x2d8</run_address>
         <size>0x18</size>
         <input_file_ref idref="fl-22"/>
      </object_component>
      <object_component id="oc-b7">
         <name>.debug_aranges</name>
         <load_address>0x2f0</load_address>
         <run_address>0x2f0</run_address>
         <size>0x38</size>
         <input_file_ref idref="fl-24"/>
      </object_component>
      <object_component id="oc-bd">
         <name>.debug_aranges</name>
         <load_address>0x328</load_address>
         <run_address>0x328</run_address>
         <size>0x30</size>
         <input_file_ref idref="fl-25"/>
      </object_component>
      <object_component id="oc-c3">
         <name>.debug_aranges</name>
         <load_address>0x358</load_address>
         <run_address>0x358</run_address>
         <size>0x28</size>
         <input_file_ref idref="fl-26"/>
      </object_component>
      <object_component id="oc-c8">
         <name>.debug_aranges</name>
         <load_address>0x380</load_address>
         <run_address>0x380</run_address>
         <size>0x20</size>
         <input_file_ref idref="fl-27"/>
      </object_component>
      <object_component id="oc-ce">
         <name>.debug_aranges</name>
         <load_address>0x3a0</load_address>
         <run_address>0x3a0</run_address>
         <size>0x48</size>
         <input_file_ref idref="fl-28"/>
      </object_component>
      <object_component id="oc-d3">
         <name>.debug_aranges</name>
         <load_address>0x3e8</load_address>
         <run_address>0x3e8</run_address>
         <size>0x48</size>
         <input_file_ref idref="fl-29"/>
      </object_component>
      <object_component id="oc-d8">
         <name>.debug_aranges</name>
         <load_address>0x430</load_address>
         <run_address>0x430</run_address>
         <size>0x28</size>
         <input_file_ref idref="fl-2a"/>
      </object_component>
      <object_component id="oc-110">
         <name>.debug_aranges</name>
         <load_address>0x458</load_address>
         <run_address>0x458</run_address>
         <size>0x1b0</size>
         <input_file_ref idref="fl-2b"/>
      </object_component>
   </object_component_list>
   <logical_group_list>
      <logical_group id="lg-3" display="no" color="cyan">
         <name>PieVectTableFile</name>
         <run_address>0xd00</run_address>
         <size>0x100</size>
         <contents>
            <object_component_ref idref="oc-b1"/>
         </contents>
      </logical_group>
      <logical_group id="lg-5" display="no" color="cyan">
         <name>EmuKeyVar</name>
         <run_address>0xd00</run_address>
         <size>0x1</size>
         <contents>
            <object_component_ref idref="oc-91"/>
         </contents>
      </logical_group>
      <logical_group id="lg-6" display="no" color="cyan">
         <name>EmuBModeVar</name>
         <run_address>0xd01</run_address>
         <size>0x1</size>
         <contents>
            <object_component_ref idref="oc-93"/>
         </contents>
      </logical_group>
      <logical_group id="lg-7" display="no" color="cyan">
         <name>FlashCallbackVar</name>
         <run_address>0xd02</run_address>
         <size>0x2</size>
         <contents>
            <object_component_ref idref="oc-95"/>
         </contents>
      </logical_group>
      <logical_group id="lg-8" display="no" color="cyan">
         <name>FlashScalingVar</name>
         <run_address>0xd04</run_address>
         <size>0x2</size>
         <contents>
            <object_component_ref idref="oc-94"/>
         </contents>
      </logical_group>
      <logical_group id="lg-4" display="no" color="cyan">
         <name>GROUP_2</name>
         <run_address>0xd00</run_address>
         <size>0x6</size>
         <contents>
            <logical_group_ref idref="lg-5"/>
            <logical_group_ref idref="lg-6"/>
            <logical_group_ref idref="lg-7"/>
            <logical_group_ref idref="lg-8"/>
         </contents>
      </logical_group>
      <overlay id="lg-2" display="no" color="cyan">
         <name>UNION_1</name>
         <run_address>0xd00</run_address>
         <size>0x100</size>
         <contents>
            <logical_group_ref idref="lg-3"/>
            <logical_group_ref idref="lg-4"/>
         </contents>
      </overlay>
      <logical_group id="lg-9" display="no" color="cyan">
         <name>DevEmuRegsFile</name>
         <run_address>0x880</run_address>
         <size>0x4</size>
         <contents>
            <object_component_ref idref="oc-97"/>
         </contents>
      </logical_group>
      <logical_group id="lg-a" display="no" color="cyan">
         <name>SysPwrCtrlRegsFile</name>
         <run_address>0x985</run_address>
         <size>0x3</size>
         <contents>
            <object_component_ref idref="oc-96"/>
         </contents>
      </logical_group>
      <logical_group id="lg-b" display="no" color="cyan">
         <name>FlashRegsFile</name>
         <run_address>0xa80</run_address>
         <size>0x8</size>
         <contents>
            <object_component_ref idref="oc-98"/>
         </contents>
      </logical_group>
      <logical_group id="lg-c" display="no" color="cyan">
         <name>CsmRegsFile</name>
         <run_address>0xae0</run_address>
         <size>0x10</size>
         <contents>
            <object_component_ref idref="oc-a1"/>
         </contents>
      </logical_group>
      <logical_group id="lg-d" display="no" color="cyan">
         <name>AdcResultFile</name>
         <run_address>0xb00</run_address>
         <size>0x20</size>
         <contents>
            <object_component_ref idref="oc-a9"/>
         </contents>
      </logical_group>
      <logical_group id="lg-e" display="no" color="cyan">
         <name>CpuTimer0RegsFile</name>
         <run_address>0xc00</run_address>
         <size>0x8</size>
         <contents>
            <object_component_ref idref="oc-99"/>
         </contents>
      </logical_group>
      <logical_group id="lg-f" display="no" color="cyan">
         <name>CpuTimer1RegsFile</name>
         <run_address>0xc08</run_address>
         <size>0x8</size>
         <contents>
            <object_component_ref idref="oc-9a"/>
         </contents>
      </logical_group>
      <logical_group id="lg-10" display="no" color="cyan">
         <name>CpuTimer2RegsFile</name>
         <run_address>0xc10</run_address>
         <size>0x8</size>
         <contents>
            <object_component_ref idref="oc-9b"/>
         </contents>
      </logical_group>
      <logical_group id="lg-11" display="no" color="cyan">
         <name>PieCtrlRegsFile</name>
         <run_address>0xce0</run_address>
         <size>0x1a</size>
         <contents>
            <object_component_ref idref="oc-a5"/>
         </contents>
      </logical_group>
      <logical_group id="lg-12" display="no" color="cyan">
         <name>ECap1RegsFile</name>
         <run_address>0x6a00</run_address>
         <size>0x20</size>
         <contents>
            <object_component_ref idref="oc-a8"/>
         </contents>
      </logical_group>
      <logical_group id="lg-13" display="no" color="cyan">
         <name>GpioCtrlRegsFile</name>
         <run_address>0x6f80</run_address>
         <size>0x40</size>
         <contents>
            <object_component_ref idref="oc-af"/>
         </contents>
      </logical_group>
      <logical_group id="lg-14" display="no" color="cyan">
         <name>GpioDataRegsFile</name>
         <run_address>0x6fc0</run_address>
         <size>0x20</size>
         <contents>
            <object_component_ref idref="oc-a7"/>
         </contents>
      </logical_group>
      <logical_group id="lg-15" display="no" color="cyan">
         <name>GpioIntRegsFile</name>
         <run_address>0x6fe0</run_address>
         <size>0xa</size>
         <contents>
            <object_component_ref idref="oc-9d"/>
         </contents>
      </logical_group>
      <logical_group id="lg-16" display="no" color="cyan">
         <name>SysCtrlRegsFile</name>
         <run_address>0x7010</run_address>
         <size>0x1f</size>
         <contents>
            <object_component_ref idref="oc-a6"/>
         </contents>
      </logical_group>
      <logical_group id="lg-17" display="no" color="cyan">
         <name>SpiaRegsFile</name>
[...]
      </symbol>
      <symbol id="sm-1c9">
         <name>__system_post_cinit</name>
         <value>0x3f6e6e</value>
         <object_component_ref idref="oc-113"/>
      </symbol>
      <symbol id="sm-1dd">
         <name>C$$EXIT</name>
         <value>0x3f7f52</value>
         <object_component_ref idref="oc-115"/>
      </symbol>
      <symbol id="sm-1de">
         <name>_exit</name>
         <value>0x3f7f54</value>
         <object_component_ref idref="oc-115"/>
      </symbol>
      <symbol id="sm-1df">
         <name>___TI_cleanup_ptr</name>
         <value>0x71a</value>
         <object_component_ref idref="oc-77"/>
      </symbol>
      <symbol id="sm-1e0">
         <name>___TI_enable_exit_profile_output</name>
         <value>0x718</value>
         <object_component_ref idref="oc-77"/>
      </symbol>
      <symbol id="sm-1e1">
         <name>_abort</name>
         <value>0x3f7f52</value>
         <object_component_ref idref="oc-115"/>
      </symbol>
      <symbol id="sm-1e2">
         <name>___TI_dtors_ptr</name>
         <value>0x71c</value>
         <object_component_ref idref="oc-77"/>
      </symbol>
      <symbol id="sm-1f6">
         <name>__unlock</name>
         <value>0x724</value>
         <object_component_ref idref="oc-136"/>
      </symbol>
      <symbol id="sm-1f7">
         <name>__lock</name>
         <value>0x722</value>
         <object_component_ref idref="oc-11b"/>
      </symbol>
      <symbol id="sm-1f8">
         <name>__register_lock</name>
         <value>0x3f6cfc</value>
         <object_component_ref idref="oc-121"/>
      </symbol>
      <symbol id="sm-1f9">
         <name>__nop</name>
         <value>0x3f6d00</value>
         <object_component_ref idref="oc-121"/>
      </symbol>
      <symbol id="sm-1fa">
         <name>__register_unlock</name>
         <value>0x3f6cf8</value>
         <object_component_ref idref="oc-121"/>
      </symbol>
      <symbol id="sm-209">
         <name>__args_main</name>
         <value>0x3f6cd3</value>
         <object_component_ref idref="oc-114"/>
      </symbol>
      <symbol id="sm-217">
         <name>_memset</name>
         <value>0x3f6d45</value>
         <object_component_ref idref="oc-135"/>
      </symbol>
      <symbol id="sm-269">
         <name>_GpioCtrlRegs</name>
         <value>0x6f80</value>
         <object_component_ref idref="oc-af"/>
      </symbol>
      <symbol id="sm-26a">
         <name>_PieVectTable</name>
         <value>0xd00</value>
         <object_component_ref idref="oc-b1"/>
      </symbol>
      <symbol id="sm-26b">
         <name>_SysPwrCtrlRegs</name>
         <value>0x985</value>
         <object_component_ref idref="oc-96"/>
      </symbol>
      <symbol id="sm-26c">
         <name>_EmuBMode</name>
         <value>0xd01</value>
         <object_component_ref idref="oc-93"/>
      </symbol>
      <symbol id="sm-26d">
         <name>_CsmRegs</name>
         <value>0xae0</value>
         <object_component_ref idref="oc-a1"/>
      </symbol>
      <symbol id="sm-26e">
         <name>_AdcResult</name>
         <value>0xb00</value>
         <object_component_ref idref="oc-a9"/>
      </symbol>
      <symbol id="sm-26f">
         <name>_EPwm4Regs</name>
         <value>0x68c0</value>
         <object_component_ref idref="oc-ad"/>
      </symbol>
      <symbol id="sm-270">
         <name>_CpuTimer1Regs</name>
         <value>0xc08</value>
         <object_component_ref idref="oc-9a"/>
      </symbol>
      <symbol id="sm-271">
         <name>_SysCtrlRegs</name>
         <value>0x7010</value>
         <object_component_ref idref="oc-a6"/>
      </symbol>
      <symbol id="sm-272">
         <name>_SpiaRegs</name>
         <value>0x7040</value>
         <object_component_ref idref="oc-9e"/>
      </symbol>
      <symbol id="sm-273">
         <name>_FlashRegs</name>
         <value>0xa80</value>
         <object_component_ref idref="oc-98"/>
      </symbol>
      <symbol id="sm-274">
         <name>_CpuTimer0Regs</name>
         <value>0xc00</value>
         <object_component_ref idref="oc-99"/>
      </symbol>
      <symbol id="sm-275">
         <name>_DevEmuRegs</name>
         <value>0x880</value>
         <object_component_ref idref="oc-97"/>
      </symbol>
      <symbol id="sm-276">
         <name>_Comp1Regs</name>
         <value>0x6400</value>
         <object_component_ref idref="oc-a4"/>
      </symbol>
      <symbol id="sm-277">
         <name>_SciaRegs</name>
         <value>0x7050</value>
         <object_component_ref idref="oc-9f"/>
      </symbol>
      <symbol id="sm-278">
         <name>_GpioDataRegs</name>
         <value>0x6fc0</value>
         <object_component_ref idref="oc-a7"/>
      </symbol>
      <symbol id="sm-279">
         <name>_CsmPwl</name>
         <value>0x3f7ff8</value>
         <object_component_ref idref="oc-9c"/>
      </symbol>
      <symbol id="sm-27a">
         <name>_AdcRegs</name>
         <value>0x7100</value>
         <object_component_ref idref="oc-b0"/>
      </symbol>
      <symbol id="sm-27b">
         <name>_Comp2Regs</name>
         <value>0x6420</value>
         <object_component_ref idref="oc-a3"/>
      </symbol>
      <symbol id="sm-27c">
         <name>_XIntruptRegs</name>
         <value>0x7070</value>
         <object_component_ref idref="oc-a2"/>
      </symbol>
      <symbol id="sm-27d">
         <name>_CpuTimer2Regs</name>
         <value>0xc10</value>
         <object_component_ref idref="oc-9b"/>
      </symbol>
      <symbol id="sm-27e">
         <name>_PieCtrlRegs</name>
         <value>0xce0</value>
         <object_component_ref idref="oc-a5"/>
      </symbol>
      <symbol id="sm-27f">
         <name>_ECap1Regs</name>
         <value>0x6a00</value>
         <object_component_ref idref="oc-a8"/>
      </symbol>
      <symbol id="sm-280">
         <name>_EmuKey</name>
         <value>0xd00</value>
         <object_component_ref idref="oc-91"/>
      </symbol>
      <symbol id="sm-281">
         <name>_EPwm1Regs</name>
         <value>0x6800</value>
         <object_component_ref idref="oc-ae"/>
      </symbol>
      <symbol id="sm-282">
         <name>_GpioIntRegs</name>
         <value>0x6fe0</value>
         <object_component_ref idref="oc-9d"/>
      </symbol>
      <symbol id="sm-283">
         <name>_PartIdRegs</name>
         <value>0x3d7fff</value>
         <object_component_ref idref="oc-92"/>
      </symbol>
      <symbol id="sm-284">
         <name>_Flash_CPUScaleFactor</name>
         <value>0xd04</value>
         <object_component_ref idref="oc-94"/>
      </symbol>
      <symbol id="sm-285">
         <name>_EPwm2Regs</name>
         <value>0x6840</value>
         <object_component_ref idref="oc-ac"/>
      </symbol>
      <symbol id="sm-286">
         <name>_NmiIntruptRegs</name>
         <value>0x7060</value>
         <object_component_ref idref="oc-a0"/>
      </symbol>
      <symbol id="sm-287">
         <name>_Flash_CallbackPtr</name>
         <value>0xd02</value>
         <object_component_ref idref="oc-95"/>
      </symbol>
      <symbol id="sm-288">
         <name>_EPwm3Regs</name>
         <value>0x6880</value>
         <object_component_ref idref="oc-ab"/>
      </symbol>
      <symbol id="sm-289">
         <name>_I2caRegs</name>
         <value>0x7900</value>
         <object_component_ref idref="oc-aa"/>
      </symbol>
      <symbol id="sm-29e">
         <name>_CLK_enableAdcClock</name>
         <value>0x3f6d29</value>
         <object_component_ref idref="oc-129"/>
      </symbol>
      <symbol id="sm-29f">
         <name>_CLK_setOscSrc</name>
         <value>0x3f6d37</value>
         <object_component_ref idref="oc-12a"/>
      </symbol>
      <symbol id="sm-2a0">
         <name>_CLK_enableI2cClock</name>
         <value>0x3f6d30</value>
         <object_component_ref idref="oc-131"/>
      </symbol>
      <symbol id="sm-2a1">
         <name>_CLK_init</name>
         <value>0x3f6d01</value>
         <object_component_ref idref="oc-125"/>
      </symbol>
      <symbol id="sm-2b5">
         <name>_CPU_disableGlobalInts</name>
         <value>0x3f6e5d</value>
         <object_component_ref idref="oc-12e"/>
      </symbol>
      <symbol id="sm-2b6">
         <name>_CPU_clearIntFlags</name>
         <value>0x3f6e5a</value>
         <object_component_ref idref="oc-12f"/>
      </symbol>
      <symbol id="sm-2b7">
         <name>_CPU_init</name>
         <value>0x3f6e56</value>
         <object_component_ref idref="oc-127"/>
      </symbol>
      <symbol id="sm-2b8">
         <name>_cpu</name>
         <value>0x726</value>
         <object_component_ref idref="oc-b9"/>
      </symbol>
      <symbol id="sm-2c6">
         <name>_setDBGIER</name>
         <value>0x3f6cee</value>
         <object_component_ref idref="oc-be"/>
      </symbol>
      <symbol id="sm-2c7">
         <name>_DSP28x_DisableInt</name>
         <value>0x3f6cf1</value>
         <object_component_ref idref="oc-be"/>
      </symbol>
      <symbol id="sm-2c8">
         <name>_DSP28x_RestoreInt</name>
         <value>0x3f6cf5</value>
         <object_component_ref idref="oc-be"/>
      </symbol>
      <symbol id="sm-2c9">
         <name>_DSP28x_usDelay</name>
         <value>0x50</value>
         <object_component_ref idref="oc-bf"/>
      </symbol>
      <symbol id="sm-2d8">
         <name>_GPIO_init</name>
         <value>0x3f6d09</value>
         <object_component_ref idref="oc-130"/>
      </symbol>
      <symbol id="sm-2f8">
         <name>_PIE_enable</name>
         <value>0x3f6e63</value>
         <object_component_ref idref="oc-132"/>
      </symbol>
      <symbol id="sm-2f9">
         <name>_PIE_disableAllInts</name>
         <value>0x3f6cb1</value>
         <object_component_ref idref="oc-12d"/>
      </symbol>
      <symbol id="sm-2fa">
         <name>_PIE_disable</name>
         <value>0x3f6e60</value>
         <object_component_ref idref="oc-12c"/>
      </symbol>
      <symbol id="sm-2fb">
         <name>_PIE_illegalIsr</name>
         <value>0x3f6dd9</value>
         <object_component_ref idref="oc-ca"/>
      </symbol>
      <symbol id="sm-2fc">
         <name>_PIE_init</name>
         <value>0x3f6ce4</value>
         <object_component_ref idref="oc-128"/>
      </symbol>
      <symbol id="sm-2fd">
         <name>_PIE_setDebugIntVectorTable</name>
         <value>0x3f6cc2</value>
         <object_component_ref idref="oc-133"/>
      </symbol>
      <symbol id="sm-2fe">
         <name>_PIE_tableDebugInit</name>
         <value>0x3f7d60</value>
         <object_component_ref idref="oc-13b"/>
      </symbol>
      <symbol id="sm-319">
         <name>_PLL_getClkStatus</name>
         <value>0x3f6e66</value>
         <object_component_ref idref="oc-137"/>
      </symbol>
      <symbol id="sm-31a">
         <name>_PLL_setDivider</name>
         <value>0x3f6d3e</value>
         <object_component_ref idref="oc-138"/>
      </symbol>
      <symbol id="sm-31b">
         <name>_PLL_init</name>
         <value>0x3f6d11</value>
         <object_component_ref idref="oc-126"/>
      </symbol>
      <symbol id="sm-31c">
         <name>_PLL_getLockStatus</name>
         <value>0x3f6e69</value>
         <object_component_ref idref="oc-13a"/>
      </symbol>
      <symbol id="sm-31d">
         <name>_PLL_setup</name>
         <value>0x3f6c9c</value>
         <object_component_ref idref="oc-12b"/>
      </symbol>
      <symbol id="sm-31e">
         <name>_PLL_setMultiplier</name>
         <value>0x3f6d4c</value>
         <object_component_ref idref="oc-139"/>
      </symbol>
      <symbol id="sm-32f">
         <name>_WDOG_init</name>
         <value>0x3f6d21</value>
         <object_component_ref idref="oc-123"/>
      </symbol>
      <symbol id="sm-330">
         <name>_WDOG_disable</name>
         <value>0x3f6d19</value>
         <object_component_ref idref="oc-124"/>
      </symbol>
      <symbol id="sm-3d3">
         <name>_ILLEGAL_ISR</name>
         <value>0x3f6dc0</value>
         <object_component_ref idref="oc-e0"/>
      </symbol>
      <symbol id="sm-3d4">
         <name>_ADCINT4_ISR</name>
         <value>0x3f6d5c</value>
         <object_component_ref idref="oc-104"/>
      </symbol>
      <symbol id="sm-3d5">
         <name>_DATALOG_ISR</name>
         <value>0x3f6d7a</value>
         <object_component_ref idref="oc-dc"/>
      </symbol>
      <symbol id="sm-3d6">
         <name>_SPITXINTA_ISR</name>
         <value>0x3f6df2</value>
         <object_component_ref idref="oc-fe"/>
      </symbol>
      <symbol id="sm-3d7">
         <name>_SPIRXINTA_ISR</name>
         <value>0x3f6ded</value>
         <object_component_ref idref="oc-fd"/>
      </symbol>
      <symbol id="sm-3d8">
         <name>_INT13_ISR</name>
         <value>0x3f6dc5</value>
         <object_component_ref idref="oc-da"/>
      </symbol>
      <symbol id="sm-3d9">
         <name>_ADCINT5_ISR</name>
         <value>0x3f6d61</value>
         <object_component_ref idref="oc-105"/>
      </symbol>
      <symbol id="sm-3da">
         <name>_EPWM4_INT_ISR</name>
         <value>0x3f6dac</value>
         <object_component_ref idref="oc-fb"/>
      </symbol>
      <symbol id="sm-3db">
         <name>_USER5_ISR</name>
         <value>0x3f6e1f</value>
         <object_component_ref idref="oc-e5"/>
      </symbol>
      <symbol id="sm-3dc">
         <name>_EMPTY_ISR</name>
         <value>0x3f6d84</value>
         <object_component_ref idref="oc-10a"/>
      </symbol>
      <symbol id="sm-3dd">
         <name>_EPWM4_TZINT_ISR</name>
         <value>0x3f6db1</value>
         <object_component_ref idref="oc-f7"/>
      </symbol>
      <symbol id="sm-3de">
         <name>_EMUINT_ISR</name>
         <value>0x3f6d89</value>
         <object_component_ref idref="oc-de"/>
      </symbol>
      <symbol id="sm-3df">
         <name>_ECAP1_INT_ISR</name>
         <value>0x3f6d7f</value>
         <object_component_ref idref="oc-fc"/>
      </symbol>
      <symbol id="sm-3e0">
         <name>_EPWM1_TZINT_ISR</name>
         <value>0x3f6d93</value>
         <object_component_ref idref="oc-f4"/>
      </symbol>
      <symbol id="sm-3e1">
         <name>_ADCINT6_ISR</name>
         <value>0x3f6d66</value>
         <object_component_ref idref="oc-106"/>
      </symbol>
      <symbol id="sm-3e2">
         <name>_ADCINT8_ISR</name>
         <value>0x3f6d70</value>
         <object_component_ref idref="oc-108"/>
      </symbol>
      <symbol id="sm-3e3">
         <name>_USER11_ISR</name>
         <value>0x3f6e01</value>
         <object_component_ref idref="oc-eb"/>
      </symbol>
      <symbol id="sm-3e4">
         <name>_EPWM3_TZINT_ISR</name>
         <value>0x3f6da7</value>
         <object_component_ref idref="oc-f6"/>
      </symbol>
      <symbol id="sm-3e5">
         <name>_USER4_ISR</name>
         <value>0x3f6e1a</value>
         <object_component_ref idref="oc-e4"/>
      </symbol>
      <symbol id="sm-3e6">
         <name>_EPWM2_TZINT_ISR</name>
         <value>0x3f6d9d</value>
         <object_component_ref idref="oc-f5"/>
      </symbol>
      <symbol id="sm-3e7">
         <name>_EPWM2_INT_ISR</name>
         <value>0x3f6d98</value>
         <object_component_ref idref="oc-f9"/>
      </symbol>
      <symbol id="sm-3e8">
         <name>_TINT0_ISR</name>
         <value>0x3f6df7</value>
         <object_component_ref idref="oc-f2"/>
      </symbol>
      <symbol id="sm-3e9">
         <name>_WAKEINT_ISR</name>
         <value>0x3f6e38</value>
         <object_component_ref idref="oc-f3"/>
      </symbol>
      <symbol id="sm-3ea">
         <name>_ADCINT7_ISR</name>
         <value>0x3f6d6b</value>
         <object_component_ref idref="oc-107"/>
      </symbol>
      <symbol id="sm-3eb">
         <name>_ADCINT9_ISR</name>
         <value>0x3f6d75</value>
         <object_component_ref idref="oc-f1"/>
      </symbol>
      <symbol id="sm-3ec">
         <name>_USER10_ISR</name>
         <value>0x3f6dfc</value>
         <object_component_ref idref="oc-ea"/>
      </symbol>
      <symbol id="sm-3ed">
         <name>_USER7_ISR</name>
         <value>0x3f6e29</value>
         <object_component_ref idref="oc-e7"/>
      </symbol>
      <symbol id="sm-3ee">
         <name>_XINT1_ISR</name>
         <value>0x3f6e3d</value>
         <object_component_ref idref="oc-ef"/>
      </symbol>
      <symbol id="sm-3ef">
         <name>_INT14_ISR</name>
         <value>0x3f6dca</value>
         <object_component_ref idref="oc-db"/>
      </symbol>
      <symbol id="sm-3f0">
         <name>_USER6_ISR</name>
         <value>0x3f6e24</value>
         <object_component_ref idref="oc-e6"/>
      </symbol>
      <symbol id="sm-3f1">
         <name>_ADCINT1_ISR</name>
         <value>0x3f7f7b</value>
         <object_component_ref idref="oc-ed"/>
      </symbol>
      <symbol id="sm-3f2">
         <name>_USER12_ISR</name>
         <value>0x3f6e06</value>
         <object_component_ref idref="oc-ec"/>
      </symbol>
      <symbol id="sm-3f3">
         <name>_USER1_ISR</name>
         <value>0x3f6e0b</value>
         <object_component_ref idref="oc-e1"/>
      </symbol>
      <symbol id="sm-3f4">
         <name>_XINT3_ISR</name>
         <value>0x3f6e47</value>
         <object_component_ref idref="oc-109"/>
      </symbol>
      <symbol id="sm-3f5">
         <name>_NMI_ISR</name>
         <value>0x3f6dcf</value>
         <object_component_ref idref="oc-df"/>
      </symbol>
      <symbol id="sm-3f6">
         <name>_ADCINT2_ISR</name>
         <value>0x3f6d52</value>
         <object_component_ref idref="oc-ee"/>
      </symbol>
      <symbol id="sm-3f7">
         <name>_PIE_RESERVED</name>
         <value>0x3f6dd4</value>
         <object_component_ref idref="oc-10b"/>
      </symbol>
      <symbol id="sm-3f8">
         <name>_I2CINT1A_ISR</name>
         <value>0x3f6db6</value>
         <object_component_ref idref="oc-ff"/>
      </symbol>
      <symbol id="sm-3f9">
         <name>_XINT2_ISR</name>
         <value>0x3f6e42</value>
         <object_component_ref idref="oc-f0"/>
      </symbol>
      <symbol id="sm-3fa">
         <name>_I2CINT2A_ISR</name>
         <value>0x3f6dbb</value>
         <object_component_ref idref="oc-100"/>
      </symbol>
      <symbol id="sm-3fb">
         <name>_RTOSINT_ISR</name>
         <value>0x3f6dde</value>
         <object_component_ref idref="oc-dd"/>
      </symbol>
      <symbol id="sm-3fc">
         <name>_EPWM3_INT_ISR</name>
         <value>0x3f6da2</value>
         <object_component_ref idref="oc-fa"/>
      </symbol>
      <symbol id="sm-3fd">
         <name>_ADCINT3_ISR</name>
         <value>0x3f6d57</value>
         <object_component_ref idref="oc-103"/>
      </symbol>
      <symbol id="sm-3fe">
         <name>_USER9_ISR</name>
         <value>0x3f6e33</value>
         <object_component_ref idref="oc-e9"/>
      </symbol>
      <symbol id="sm-3ff">
         <name>_USER3_ISR</name>
         <value>0x3f6e15</value>
         <object_component_ref idref="oc-e3"/>
      </symbol>
      <symbol id="sm-400">
         <name>_USER8_ISR</name>
         <value>0x3f6e2e</value>
         <object_component_ref idref="oc-e8"/>
      </symbol>
      <symbol id="sm-401">
         <name>_EPWM1_INT_ISR</name>
         <value>0x3f6d8e</value>
         <object_component_ref idref="oc-f8"/>
      </symbol>
      <symbol id="sm-402">
         <name>_USER2_ISR</name>
         <value>0x3f6e10</value>
         <object_component_ref idref="oc-e2"/>
      </symbol>
      <symbol id="sm-403">
         <name>_SCITXINTA_ISR</name>
         <value>0x3f6de8</value>
         <object_component_ref idref="oc-102"/>
      </symbol>
      <symbol id="sm-404">
         <name>_SCIRXINTA_ISR</name>
         <value>0x3f6de3</value>
         <object_component_ref idref="oc-101"/>
      </symbol>
      <symbol id="sm-405">
         <name>_rsvd_ISR</name>
         <value>0x3f6e4c</value>
         <object_component_ref idref="oc-10c"/>
      </symbol>
   </symbol_table>
   <title>Link successful</title>
</link_info>
